
> @ai-sdlc/application@0.0.0 build /app/packages/application
> tsc -p tsconfig.json

src/__tests__/agent-types.test.ts(97,19): error TS2379: Argument of type '{ contextLimitTokens: undefined; }' is not assignable to parameter of type 'Partial<AgentProfile>' with 'exactOptionalPropertyTypes: true'. Consider adding 'undefined' to the types of the target's properties.
  Types of property 'contextLimitTokens' are incompatible.
    Type 'undefined' is not assignable to type 'number'.
src/__tests__/cancel-run.test.ts(15,17): error TS2352: Conversion of type '{ resetHard: () => Promise<void>; }' to type 'GitPort' may be a mistake because neither type sufficiently overlaps with the other. If this was intentional, convert the expression to 'unknown' first.
  Type '{ resetHard: () => Promise<void>; }' is missing the following properties from type 'GitPort': createWorktree, removeWorktree, currentBranch, headCommitSha, and 12 more.
src/__tests__/cancel-run.test.ts(16,7): error TS2741: Property 'checkActiveLease' is missing in type '{ acquire: () => never; heartbeat: () => void; release: () => void; current: () => undefined; reclaimExpired: () => never[]; }' but required in type 'WorkerLeasePort'.
src/__tests__/cancel-run.test.ts(29,24): error TS2322: Type '{}' is not assignable to type 'never'.
src/__tests__/cancel-run.test.ts(29,49): error TS2344: Type 'Function' does not satisfy the constraint '(...args: any) => any'.
  Type 'Function' provides no match for the signature '(...args: any): any'.
src/__tests__/cancel-run.test.ts(31,25): error TS2339: Property 'runRepository' does not exist on type 'never'.
src/__tests__/cancel-run.test.ts(32,20): error TS2339: Property 'runAbort' does not exist on type 'never'.
src/__tests__/cancel-run.test.ts(33,15): error TS2339: Property 'git' does not exist on type 'never'.
src/__tests__/cancel-run.test.ts(34,18): error TS2339: Property 'leases' does not exist on type 'never'.
src/__tests__/cancel-run.test.ts(35,19): error TS2339: Property 'findCwd' does not exist on type 'never'.
src/__tests__/cancel-run.test.ts(36,30): error TS2339: Property 'findStartCommitSha' does not exist on type 'never'.
src/__tests__/cancel-run.test.ts(37,18): error TS2339: Property 'logger' does not exist on type 'never'.
src/__tests__/cancel-run.test.ts(38,15): error TS2339: Property 'now' does not exist on type 'never'.
src/__tests__/cancel-run.test.ts(45,17): error TS2345: Argument of type '{ uuid: string; displayId: string; issueNumber: number; type: "issue_to_pr"; status: "running"; completedPhases: never[]; startedAt: Date; }' is not assignable to parameter of type 'RunRecord'.
  Type '{ uuid: string; displayId: string; issueNumber: number; type: "issue_to_pr"; status: "running"; completedPhases: never[]; startedAt: Date; }' is missing the following properties from type 'RunRecord': repoId, skippedPhases
src/__tests__/cancel-run.test.ts(54,35): error TS2345: Argument of type '{ runRepository: FakeRunRepository; }' is not assignable to parameter of type 'undefined'.
src/__tests__/cancel-run.test.ts(64,35): error TS2345: Argument of type '{ runRepository: FakeRunRepository; }' is not assignable to parameter of type 'undefined'.
src/__tests__/cancel-run.test.ts(70,17): error TS2345: Argument of type '{ uuid: string; displayId: string; issueNumber: number; type: "issue_to_pr"; status: "passed"; completedPhases: never[]; startedAt: Date; }' is not assignable to parameter of type 'RunRecord'.
  Type '{ uuid: string; displayId: string; issueNumber: number; type: "issue_to_pr"; status: "passed"; completedPhases: never[]; startedAt: Date; }' is missing the following properties from type 'RunRecord': repoId, skippedPhases
src/__tests__/cancel-run.test.ts(79,35): error TS2345: Argument of type '{ runRepository: FakeRunRepository; }' is not assignable to parameter of type 'undefined'.
src/__tests__/cancel-run.test.ts(85,17): error TS2345: Argument of type '{ uuid: string; displayId: string; issueNumber: number; type: "issue_to_pr"; status: "running"; completedPhases: never[]; startedAt: Date; }' is not assignable to parameter of type 'RunRecord'.
  Type '{ uuid: string; displayId: string; issueNumber: number; type: "issue_to_pr"; status: "running"; completedPhases: never[]; startedAt: Date; }' is missing the following properties from type 'RunRecord': repoId, skippedPhases
src/__tests__/cancel-run.test.ts(94,35): error TS2345: Argument of type '{ runRepository: FakeRunRepository; }' is not assignable to parameter of type 'undefined'.
src/__tests__/cancel-run.test.ts(101,17): error TS2345: Argument of type '{ uuid: string; displayId: string; issueNumber: number; type: "issue_to_pr"; status: "running"; completedPhases: never[]; startedAt: Date; }' is not assignable to parameter of type 'RunRecord'.
  Type '{ uuid: string; displayId: string; issueNumber: number; type: "issue_to_pr"; status: "running"; completedPhases: never[]; startedAt: Date; }' is missing the following properties from type 'RunRecord': repoId, skippedPhases
src/__tests__/cancel-run.test.ts(110,35): error TS2345: Argument of type '{ runRepository: FakeRunRepository; }' is not assignable to parameter of type 'undefined'.
src/__tests__/cancel-run.test.ts(120,17): error TS2345: Argument of type '{ uuid: string; displayId: string; issueNumber: number; type: "issue_to_pr"; status: "running"; completedPhases: never[]; startedAt: Date; }' is not assignable to parameter of type 'RunRecord'.
  Type '{ uuid: string; displayId: string; issueNumber: number; type: "issue_to_pr"; status: "running"; completedPhases: never[]; startedAt: Date; }' is missing the following properties from type 'RunRecord': repoId, skippedPhases
src/__tests__/cancel-run.test.ts(130,35): error TS2345: Argument of type '{ runRepository: FakeRunRepository; }' is not assignable to parameter of type 'undefined'.
src/__tests__/cancel-run.test.ts(147,13): error TS2739: Type '{ createWorktree: () => Promise<void>; removeWorktree: () => Promise<void>; currentBranch: () => Promise<string>; headCommitSha: () => Promise<string>; ... 8 more ...; headCommitShaOf: () => Promise<...>; }' is missing the following properties from type 'GitPort': diffStat, addAll, status, resetWorktreeIfClean
src/__tests__/cancel-run.test.ts(164,13): error TS2741: Property 'checkActiveLease' is missing in type '{ acquire: () => never; heartbeat: () => void; release: () => void; current: () => undefined; reclaimExpired: () => never[]; }' but required in type 'WorkerLeasePort'.
src/__tests__/cancel-run.test.ts(174,19): error TS2345: Argument of type '{ uuid: string; displayId: string; issueNumber: number; repoId: RepositoryId; type: "issue_to_pr"; status: "running"; completedPhases: never[]; startedAt: Date; }' is not assignable to parameter of type 'RunRecord'.
  Property 'skippedPhases' is missing in type '{ uuid: string; displayId: string; issueNumber: number; repoId: RepositoryId; type: "issue_to_pr"; status: "running"; completedPhases: never[]; startedAt: Date; }' but required in type 'RunRecord'.
src/__tests__/cancel-run.test.ts(184,37): error TS2345: Argument of type '{ runRepository: FakeRunRepository; runAbort: RunAbortPort; git: GitPort; leases: WorkerLeasePort; findCwd: () => string; findStartCommitSha: () => string; }' is not assignable to parameter of type 'undefined'.
src/__tests__/cancel-run.test.ts(200,13): error TS2739: Type '{ createWorktree: () => Promise<void>; removeWorktree: () => Promise<void>; currentBranch: () => Promise<string>; headCommitSha: () => Promise<string>; ... 8 more ...; headCommitShaOf: () => Promise<...>; }' is missing the following properties from type 'GitPort': diffStat, addAll, status, resetWorktreeIfClean
src/__tests__/cancel-run.test.ts(217,23): error TS2304: Cannot find name 'WorkerLease'.
src/__tests__/cancel-run.test.ts(219,39): error TS2304: Cannot find name 'WorkerLease'.
src/__tests__/cancel-run.test.ts(220,40): error TS2304: Cannot find name 'WorkerLease'.
src/__tests__/cancel-run.test.ts(226,19): error TS2345: Argument of type '{ uuid: string; displayId: string; issueNumber: number; repoId: RepositoryId; type: "issue_to_pr"; status: "running"; completedPhases: never[]; startedAt: Date; }' is not assignable to parameter of type 'RunRecord'.
  Property 'skippedPhases' is missing in type '{ uuid: string; displayId: string; issueNumber: number; repoId: RepositoryId; type: "issue_to_pr"; status: "running"; completedPhases: never[]; startedAt: Date; }' but required in type 'RunRecord'.
src/__tests__/cancel-run.test.ts(236,13): error TS2741: Property 'checkActiveLease' is missing in type '{ acquire: () => never; heartbeat: () => void; release: () => void; current: () => WorkerLease; reclaimExpired: () => never[]; }' but required in type 'WorkerLeasePort'.
src/__tests__/cancel-run.test.ts(247,37): error TS2345: Argument of type '{ runRepository: FakeRunRepository; git: GitPort; leases: WorkerLeasePort; findCwd: () => string; findStartCommitSha: () => string; }' is not assignable to parameter of type 'undefined'.
src/__tests__/cancel-run.test.ts(262,19): error TS2345: Argument of type '{ uuid: string; displayId: string; issueNumber: number; repoId: RepositoryId; type: "issue_to_pr"; status: "running"; completedPhases: never[]; startedAt: Date; }' is not assignable to parameter of type 'RunRecord'.
  Property 'skippedPhases' is missing in type '{ uuid: string; displayId: string; issueNumber: number; repoId: RepositoryId; type: "issue_to_pr"; status: "running"; completedPhases: never[]; startedAt: Date; }' but required in type 'RunRecord'.
src/__tests__/cancel-run.test.ts(281,13): error TS2739: Type '{ createWorktree: () => Promise<void>; removeWorktree: () => Promise<void>; currentBranch: () => Promise<string>; headCommitSha: () => Promise<string>; ... 8 more ...; headCommitShaOf: () => Promise<...>; }' is missing the following properties from type 'GitPort': diffStat, addAll, status, resetWorktreeIfClean
src/__tests__/cancel-run.test.ts(298,13): error TS2741: Property 'checkActiveLease' is missing in type '{ acquire: () => never; heartbeat: () => void; release: () => void; current: () => never; reclaimExpired: () => never[]; }' but required in type 'WorkerLeasePort'.
src/__tests__/cancel-run.test.ts(309,37): error TS2345: Argument of type '{ runRepository: FakeRunRepository; runAbort: RunAbortPort; git: GitPort; leases: WorkerLeasePort; findCwd: () => never; findStartCommitSha: () => never; logger: LoggerPort; now: () => Date; }' is not assignable to parameter of type 'undefined'.
src/__tests__/cancel-run.test.ts(331,19): error TS2345: Argument of type '{ uuid: string; displayId: string; issueNumber: number; repoId: RepositoryId; type: "issue_to_pr"; status: "running"; completedPhases: never[]; startedAt: Date; }' is not assignable to parameter of type 'RunRecord'.
  Property 'skippedPhases' is missing in type '{ uuid: string; displayId: string; issueNumber: number; repoId: RepositoryId; type: "issue_to_pr"; status: "running"; completedPhases: never[]; startedAt: Date; }' but required in type 'RunRecord'.
src/__tests__/cancel-run.test.ts(348,13): error TS2739: Type '{ createWorktree: () => Promise<void>; removeWorktree: () => Promise<void>; currentBranch: () => Promise<string>; headCommitSha: () => Promise<string>; ... 8 more ...; headCommitShaOf: () => Promise<...>; }' is missing the following properties from type 'GitPort': diffStat, addAll, status, resetWorktreeIfClean
src/__tests__/cancel-run.test.ts(365,13): error TS2741: Property 'checkActiveLease' is missing in type '{ acquire: () => never; heartbeat: () => void; release: () => void; current: () => undefined; reclaimExpired: () => never[]; }' but required in type 'WorkerLeasePort'.
src/__tests__/cancel-run.test.ts(376,37): error TS2345: Argument of type '{ runRepository: FakeRunRepository; runAbort: RunAbortPort; git: GitPort; leases: WorkerLeasePort; findCwd: () => string; findStartCommitSha: () => string; }' is not assignable to parameter of type 'undefined'.
src/__tests__/cancel-run.test.ts(393,19): error TS2345: Argument of type '{ uuid: string; displayId: string; issueNumber: number; repoId: RepositoryId; type: "issue_to_pr"; status: "running"; completedPhases: never[]; startedAt: Date; }' is not assignable to parameter of type 'RunRecord'.
  Property 'skippedPhases' is missing in type '{ uuid: string; displayId: string; issueNumber: number; repoId: RepositoryId; type: "issue_to_pr"; status: "running"; completedPhases: never[]; startedAt: Date; }' but required in type 'RunRecord'.
src/__tests__/cancel-run.test.ts(411,13): error TS2739: Type '{ createWorktree: () => Promise<void>; removeWorktree: () => Promise<void>; currentBranch: () => Promise<string>; headCommitSha: () => Promise<string>; ... 8 more ...; headCommitShaOf: () => Promise<...>; }' is missing the following properties from type 'GitPort': diffStat, addAll, status, resetWorktreeIfClean
src/__tests__/cancel-run.test.ts(428,13): error TS2741: Property 'checkActiveLease' is missing in type '{ acquire: () => never; heartbeat: () => void; release: () => void; current: () => undefined; reclaimExpired: () => never[]; }' but required in type 'WorkerLeasePort'.
src/__tests__/cancel-run.test.ts(439,37): error TS2345: Argument of type '{ runRepository: FakeRunRepository; runAbort: RunAbortPort; git: GitPort; leases: WorkerLeasePort; findCwd: () => string; findStartCommitSha: () => string; }' is not assignable to parameter of type 'undefined'.
src/__tests__/cancel-run.test.ts(456,19): error TS2345: Argument of type '{ uuid: string; displayId: string; issueNumber: number; repoId: RepositoryId; type: "issue_to_pr"; status: "running"; completedPhases: never[]; startedAt: Date; }' is not assignable to parameter of type 'RunRecord'.
  Property 'skippedPhases' is missing in type '{ uuid: string; displayId: string; issueNumber: number; repoId: RepositoryId; type: "issue_to_pr"; status: "running"; completedPhases: never[]; startedAt: Date; }' but required in type 'RunRecord'.
src/__tests__/cancel-run.test.ts(474,13): error TS2739: Type '{ createWorktree: () => Promise<void>; removeWorktree: () => Promise<void>; currentBranch: () => Promise<string>; headCommitSha: () => Promise<string>; ... 8 more ...; headCommitShaOf: () => Promise<...>; }' is missing the following properties from type 'GitPort': diffStat, addAll, status, resetWorktreeIfClean
src/__tests__/cancel-run.test.ts(491,13): error TS2741: Property 'checkActiveLease' is missing in type '{ acquire: () => never; heartbeat: () => void; release: () => void; current: () => never; reclaimExpired: () => never[]; }' but required in type 'WorkerLeasePort'.
src/__tests__/cancel-run.test.ts(502,37): error TS2345: Argument of type '{ runRepository: FakeRunRepository; runAbort: RunAbortPort; git: GitPort; leases: WorkerLeasePort; findCwd: () => string; findStartCommitSha: () => string; }' is not assignable to parameter of type 'undefined'.
src/__tests__/cancel-run.test.ts(519,19): error TS2345: Argument of type '{ uuid: string; displayId: string; issueNumber: number; repoId: RepositoryId; type: "issue_to_pr"; status: "running"; completedPhases: never[]; startedAt: Date; }' is not assignable to parameter of type 'RunRecord'.
  Property 'skippedPhases' is missing in type '{ uuid: string; displayId: string; issueNumber: number; repoId: RepositoryId; type: "issue_to_pr"; status: "running"; completedPhases: never[]; startedAt: Date; }' but required in type 'RunRecord'.
src/__tests__/cancel-run.test.ts(529,13): error TS2739: Type '{ createWorktree: () => Promise<void>; removeWorktree: () => Promise<void>; currentBranch: () => Promise<string>; headCommitSha: () => Promise<string>; ... 8 more ...; headCommitShaOf: () => Promise<...>; }' is missing the following properties from type 'GitPort': diffStat, addAll, status, resetWorktreeIfClean
src/__tests__/cancel-run.test.ts(548,13): error TS2741: Property 'checkActiveLease' is missing in type '{ acquire: () => never; heartbeat: () => void; release: () => void; current: () => never; reclaimExpired: () => never[]; }' but required in type 'WorkerLeasePort'.
src/__tests__/cancel-run.test.ts(561,37): error TS2345: Argument of type '{ runRepository: FakeRunRepository; runAbort: RunAbortPort; git: GitPort; leases: WorkerLeasePort; findCwd: () => string; findStartCommitSha: () => string; logger: LoggerPort; now: () => Date; }' is not assignable to parameter of type 'undefined'.
src/__tests__/extract-result.test.ts(218,34): error TS2379: Argument of type '{ resultJsonPath: undefined; }' is not assignable to parameter of type 'Partial<AgentInvocation>' with 'exactOptionalPropertyTypes: true'. Consider adding 'undefined' to the types of the target's properties.
  Types of property 'resultJsonPath' are incompatible.
    Type 'undefined' is not assignable to type 'string'.
src/__tests__/extract-result.test.ts(317,20): error TS2339: Property 'classification' does not exist on type 'ExtractResultOutcome<unknown>'.
  Property 'classification' does not exist on type '{ ok: true; result: unknown; repairInvocationId?: AgentInvocationId; }'.
src/__tests__/extract-result.test.ts(334,22): error TS18048: 'meta' is possibly 'undefined'.
src/__tests__/fake-agent-port.test.ts(116,14): error TS2532: Object is possibly 'undefined'.
src/__tests__/fake-agent-port.test.ts(117,14): error TS2532: Object is possibly 'undefined'.
src/__tests__/fake-job-queue-port.test.ts(21,20): error TS2379: Argument of type '{ id: JobId; runId: RunId; repoId: RepositoryId; issueNumber: IssueNumber; priority: number | undefined; createdAt: Date; }' is not assignable to parameter of type 'CreateJobInput' with 'exactOptionalPropertyTypes: true'. Consider adding 'undefined' to the types of the target's properties.
  Types of property 'priority' are incompatible.
    Type 'number | undefined' is not assignable to type 'number'.
      Type 'undefined' is not assignable to type 'number'.
src/__tests__/fake-job-queue-port.test.ts(37,60): error TS2739: Type '{ id: RepositoryId; owner: string; name: string; fullName: string; defaultBranch: string; localBasePath: string; enabled: boolean; maxConcurrentRuns: 1; createdAt: Date; updatedAt: Date; }' is missing the following properties from type 'Repository': remoteUrl, healthStatus, healthError, lastHealthCheckAt, configMetadata
src/__tests__/fake-job-queue-port.test.ts(41,60): error TS2739: Type '{ id: RepositoryId; owner: string; name: string; fullName: string; defaultBranch: string; localBasePath: string; enabled: boolean; maxConcurrentRuns: 1; createdAt: Date; updatedAt: Date; }' is missing the following properties from type 'Repository': remoteUrl, healthStatus, healthError, lastHealthCheckAt, configMetadata
src/__tests__/fake-job-queue-port.test.ts(49,60): error TS2739: Type '{ id: RepositoryId; owner: string; name: string; fullName: string; defaultBranch: string; localBasePath: string; enabled: boolean; maxConcurrentRuns: 1; createdAt: Date; updatedAt: Date; }' is missing the following properties from type 'Repository': remoteUrl, healthStatus, healthError, lastHealthCheckAt, configMetadata
src/__tests__/fake-job-queue-port.test.ts(56,60): error TS2739: Type '{ id: RepositoryId; owner: string; name: string; fullName: string; defaultBranch: string; localBasePath: string; enabled: boolean; maxConcurrentRuns: 1; createdAt: Date; updatedAt: Date; }' is missing the following properties from type 'Repository': remoteUrl, healthStatus, healthError, lastHealthCheckAt, configMetadata
src/__tests__/fake-job-queue-port.test.ts(60,60): error TS2739: Type '{ id: RepositoryId; owner: string; name: string; fullName: string; defaultBranch: string; localBasePath: string; enabled: boolean; maxConcurrentRuns: 1; createdAt: Date; updatedAt: Date; }' is missing the following properties from type 'Repository': remoteUrl, healthStatus, healthError, lastHealthCheckAt, configMetadata
src/__tests__/fake-job-queue-port.test.ts(68,60): error TS2739: Type '{ id: RepositoryId; owner: string; name: string; fullName: string; defaultBranch: string; localBasePath: string; enabled: boolean; maxConcurrentRuns: 1; createdAt: Date; updatedAt: Date; }' is missing the following properties from type 'Repository': remoteUrl, healthStatus, healthError, lastHealthCheckAt, configMetadata
src/__tests__/fake-job-queue-port.test.ts(76,60): error TS2739: Type '{ id: RepositoryId; owner: string; name: string; fullName: string; defaultBranch: string; localBasePath: string; enabled: boolean; maxConcurrentRuns: 1; createdAt: Date; updatedAt: Date; }' is missing the following properties from type 'Repository': remoteUrl, healthStatus, healthError, lastHealthCheckAt, configMetadata
src/__tests__/fake-job-queue-port.test.ts(84,60): error TS2739: Type '{ id: RepositoryId; owner: string; name: string; fullName: string; defaultBranch: string; localBasePath: string; enabled: boolean; maxConcurrentRuns: 1; createdAt: Date; updatedAt: Date; }' is missing the following properties from type 'Repository': remoteUrl, healthStatus, healthError, lastHealthCheckAt, configMetadata
src/__tests__/fake-job-queue-port.test.ts(84,72): error TS2739: Type '{ id: RepositoryId; owner: string; name: string; fullName: string; defaultBranch: string; localBasePath: string; enabled: boolean; maxConcurrentRuns: 1; createdAt: Date; updatedAt: Date; }' is missing the following properties from type 'Repository': remoteUrl, healthStatus, healthError, lastHealthCheckAt, configMetadata
src/__tests__/fake-repository-port.test.ts(12,7): error TS2739: Type '{ id: RepositoryId; owner: string; name: string; fullName: string; defaultBranch: string; localBasePath: string; enabled: true; maxConcurrentRuns: 1; createdAt: Date; updatedAt: Date; }' is missing the following properties from type 'Repository': remoteUrl, healthStatus, healthError, lastHealthCheckAt, configMetadata
src/__tests__/fake-repository-port.test.ts(38,7): error TS2739: Type '{ id: RepositoryId; fullName: string; enabled: true; owner: string; name: string; defaultBranch: string; localBasePath: string; maxConcurrentRuns: 1; createdAt: Date; updatedAt: Date; }' is missing the following properties from type 'Repository': remoteUrl, healthStatus, healthError, lastHealthCheckAt, configMetadata
src/__tests__/fake-repository-port.test.ts(39,7): error TS2739: Type '{ id: RepositoryId; fullName: string; enabled: false; owner: string; name: string; defaultBranch: string; localBasePath: string; maxConcurrentRuns: 1; createdAt: Date; updatedAt: Date; }' is missing the following properties from type 'Repository': remoteUrl, healthStatus, healthError, lastHealthCheckAt, configMetadata
src/__tests__/fake-repository-port.test.ts(45,7): error TS2739: Type '{ id: RepositoryId; owner: string; name: string; fullName: string; defaultBranch: string; localBasePath: string; enabled: true; maxConcurrentRuns: 1; createdAt: Date; updatedAt: Date; }' is missing the following properties from type 'Repository': remoteUrl, healthStatus, healthError, lastHealthCheckAt, configMetadata
src/__tests__/fix-commit-verifier.test.ts(9,3): error TS2741: Property 'addAll' is missing in type '{ createWorktree: () => Promise<undefined>; removeWorktree: () => Promise<undefined>; currentBranch: () => Promise<string>; headCommitSha: () => Promise<string>; ... 11 more ...; resetWorktreeIfClean: () => Promise<...>; }' but required in type 'GitPort'.
src/__tests__/render-prompt.test.ts(9,9): error TS2322: Type '(_runId: string, relativePath: string) => Promise<string | undefined>' is not assignable to type '(runId: string, relativePath: string) => Promise<string>'.
  Type 'Promise<string | undefined>' is not assignable to type 'Promise<string>'.
    Type 'string | undefined' is not assignable to type 'string'.
      Type 'undefined' is not assignable to type 'string'.
src/__tests__/resume-run.test.ts(53,47): error TS2820: Type '"healthy"' is not assignable to type 'WorkerStatus'. Did you mean '"unhealthy"'?
src/__tests__/resume-run.test.ts(55,43): error TS2739: Type '{ id: RepositoryId; owner: string; name: string; fullName: string; defaultBranch: string; localBasePath: string; enabled: boolean; maxConcurrentRuns: number; createdAt: Date; updatedAt: Date; }' is missing the following properties from type 'Repository': remoteUrl, healthStatus, healthError, lastHealthCheckAt, configMetadata
src/__tests__/resume-run.test.ts(59,35): error TS2345: Argument of type '{ runRepository: FakeRunRepository; repos: FakeRepositoryPort; leases: FakeWorkerLeasePort; queue: FakeJobQueuePort; stepRepo: FakeStepRepository; phaseRepo: FakePhaseRepository; now: () => Date; }' is not assignable to parameter of type 'ResumeRunDeps'.
  Property 'logger' is missing in type '{ runRepository: FakeRunRepository; repos: FakeRepositoryPort; leases: FakeWorkerLeasePort; queue: FakeJobQueuePort; stepRepo: FakeStepRepository; phaseRepo: FakePhaseRepository; now: () => Date; }' but required in type 'ResumeRunDeps'.
src/__tests__/resume-run.test.ts(80,47): error TS2820: Type '"healthy"' is not assignable to type 'WorkerStatus'. Did you mean '"unhealthy"'?
src/__tests__/resume-run.test.ts(81,35): error TS2345: Argument of type '{ runRepository: FakeRunRepository; repos: FakeRepositoryPort; leases: FakeWorkerLeasePort; queue: FakeJobQueuePort; stepRepo: FakeStepRepository; phaseRepo: FakePhaseRepository; now: () => Date; }' is not assignable to parameter of type 'ResumeRunDeps'.
  Property 'logger' is missing in type '{ runRepository: FakeRunRepository; repos: FakeRepositoryPort; leases: FakeWorkerLeasePort; queue: FakeJobQueuePort; stepRepo: FakeStepRepository; phaseRepo: FakePhaseRepository; now: () => Date; }' but required in type 'ResumeRunDeps'.
src/__tests__/resume-run.test.ts(83,38): error TS2739: Type '{ id: RepositoryId; owner: string; name: string; fullName: string; defaultBranch: string; localBasePath: string; enabled: boolean; maxConcurrentRuns: number; createdAt: Date; updatedAt: Date; }' is missing the following properties from type 'Repository': remoteUrl, healthStatus, healthError, lastHealthCheckAt, configMetadata
src/__tests__/resume-run.test.ts(85,59): error TS2739: Type '{ id: RepositoryId; owner: string; name: string; fullName: string; defaultBranch: string; localBasePath: string; enabled: boolean; maxConcurrentRuns: number; createdAt: Date; updatedAt: Date; }' is missing the following properties from type 'Repository': remoteUrl, healthStatus, healthError, lastHealthCheckAt, configMetadata
src/__tests__/resume-run.test.ts(99,47): error TS2820: Type '"healthy"' is not assignable to type 'WorkerStatus'. Did you mean '"unhealthy"'?
src/__tests__/resume-run.test.ts(100,35): error TS2345: Argument of type '{ runRepository: FakeRunRepository; repos: FakeRepositoryPort; leases: FakeWorkerLeasePort; queue: FakeJobQueuePort; stepRepo: FakeStepRepository; phaseRepo: FakePhaseRepository; now: () => Date; }' is not assignable to parameter of type 'ResumeRunDeps'.
  Property 'logger' is missing in type '{ runRepository: FakeRunRepository; repos: FakeRepositoryPort; leases: FakeWorkerLeasePort; queue: FakeJobQueuePort; stepRepo: FakeStepRepository; phaseRepo: FakePhaseRepository; now: () => Date; }' but required in type 'ResumeRunDeps'.
src/__tests__/resume-run.test.ts(102,38): error TS2739: Type '{ id: RepositoryId; owner: string; name: string; fullName: string; defaultBranch: string; localBasePath: string; enabled: boolean; maxConcurrentRuns: number; createdAt: Date; updatedAt: Date; }' is missing the following properties from type 'Repository': remoteUrl, healthStatus, healthError, lastHealthCheckAt, configMetadata
src/__tests__/resume-run.test.ts(104,59): error TS2739: Type '{ id: RepositoryId; owner: string; name: string; fullName: string; defaultBranch: string; localBasePath: string; enabled: boolean; maxConcurrentRuns: number; createdAt: Date; updatedAt: Date; }' is missing the following properties from type 'Repository': remoteUrl, healthStatus, healthError, lastHealthCheckAt, configMetadata
src/__tests__/resume-run.test.ts(118,47): error TS2820: Type '"healthy"' is not assignable to type 'WorkerStatus'. Did you mean '"unhealthy"'?
src/__tests__/resume-run.test.ts(119,35): error TS2345: Argument of type '{ runRepository: FakeRunRepository; repos: FakeRepositoryPort; leases: FakeWorkerLeasePort; queue: FakeJobQueuePort; stepRepo: FakeStepRepository; phaseRepo: FakePhaseRepository; now: () => Date; }' is not assignable to parameter of type 'ResumeRunDeps'.
  Property 'logger' is missing in type '{ runRepository: FakeRunRepository; repos: FakeRepositoryPort; leases: FakeWorkerLeasePort; queue: FakeJobQueuePort; stepRepo: FakeStepRepository; phaseRepo: FakePhaseRepository; now: () => Date; }' but required in type 'ResumeRunDeps'.
src/__tests__/resume-run.test.ts(121,38): error TS2739: Type '{ id: RepositoryId; owner: string; name: string; fullName: string; defaultBranch: string; localBasePath: string; enabled: boolean; maxConcurrentRuns: number; createdAt: Date; updatedAt: Date; }' is missing the following properties from type 'Repository': remoteUrl, healthStatus, healthError, lastHealthCheckAt, configMetadata
src/__tests__/resume-run.test.ts(123,59): error TS2739: Type '{ id: RepositoryId; owner: string; name: string; fullName: string; defaultBranch: string; localBasePath: string; enabled: boolean; maxConcurrentRuns: number; createdAt: Date; updatedAt: Date; }' is missing the following properties from type 'Repository': remoteUrl, healthStatus, healthError, lastHealthCheckAt, configMetadata
src/__tests__/resume-run.test.ts(139,47): error TS2820: Type '"healthy"' is not assignable to type 'WorkerStatus'. Did you mean '"unhealthy"'?
src/__tests__/resume-run.test.ts(140,35): error TS2345: Argument of type '{ runRepository: FakeRunRepository; repos: FakeRepositoryPort; leases: FakeWorkerLeasePort; queue: FakeJobQueuePort; stepRepo: FakeStepRepository; phaseRepo: FakePhaseRepository; now: () => Date; }' is not assignable to parameter of type 'ResumeRunDeps'.
  Property 'logger' is missing in type '{ runRepository: FakeRunRepository; repos: FakeRepositoryPort; leases: FakeWorkerLeasePort; queue: FakeJobQueuePort; stepRepo: FakeStepRepository; phaseRepo: FakePhaseRepository; now: () => Date; }' but required in type 'ResumeRunDeps'.
src/__tests__/resume-run.test.ts(142,38): error TS2739: Type '{ id: RepositoryId; owner: string; name: string; fullName: string; defaultBranch: string; localBasePath: string; enabled: boolean; maxConcurrentRuns: number; createdAt: Date; updatedAt: Date; }' is missing the following properties from type 'Repository': remoteUrl, healthStatus, healthError, lastHealthCheckAt, configMetadata
src/__tests__/resume-run.test.ts(144,59): error TS2739: Type '{ id: RepositoryId; owner: string; name: string; fullName: string; defaultBranch: string; localBasePath: string; enabled: boolean; maxConcurrentRuns: number; createdAt: Date; updatedAt: Date; }' is missing the following properties from type 'Repository': remoteUrl, healthStatus, healthError, lastHealthCheckAt, configMetadata
src/__tests__/resume-run.test.ts(158,47): error TS2820: Type '"healthy"' is not assignable to type 'WorkerStatus'. Did you mean '"unhealthy"'?
src/__tests__/resume-run.test.ts(160,43): error TS2739: Type '{ id: RepositoryId; owner: string; name: string; fullName: string; defaultBranch: string; localBasePath: string; enabled: boolean; maxConcurrentRuns: number; createdAt: Date; updatedAt: Date; }' is missing the following properties from type 'Repository': remoteUrl, healthStatus, healthError, lastHealthCheckAt, configMetadata
src/__tests__/resume-run.test.ts(161,35): error TS2345: Argument of type '{ runRepository: FakeRunRepository; repos: FakeRepositoryPort; leases: FakeWorkerLeasePort; queue: FakeJobQueuePort; stepRepo: FakeStepRepository; phaseRepo: FakePhaseRepository; now: () => Date; }' is not assignable to parameter of type 'ResumeRunDeps'.
  Property 'logger' is missing in type '{ runRepository: FakeRunRepository; repos: FakeRepositoryPort; leases: FakeWorkerLeasePort; queue: FakeJobQueuePort; stepRepo: FakeStepRepository; phaseRepo: FakePhaseRepository; now: () => Date; }' but required in type 'ResumeRunDeps'.
src/__tests__/resume-run.test.ts(179,47): error TS2820: Type '"healthy"' is not assignable to type 'WorkerStatus'. Did you mean '"unhealthy"'?
src/__tests__/resume-run.test.ts(180,43): error TS2739: Type '{ id: RepositoryId; owner: string; name: string; fullName: string; defaultBranch: string; localBasePath: string; enabled: boolean; maxConcurrentRuns: number; createdAt: Date; updatedAt: Date; }' is missing the following properties from type 'Repository': remoteUrl, healthStatus, healthError, lastHealthCheckAt, configMetadata
src/__tests__/resume-run.test.ts(182,35): error TS2345: Argument of type '{ runRepository: FakeRunRepository; repos: FakeRepositoryPort; leases: FakeWorkerLeasePort; queue: FakeJobQueuePort; stepRepo: FakeStepRepository; phaseRepo: FakePhaseRepository; now: () => Date; }' is not assignable to parameter of type 'ResumeRunDeps'.
  Property 'logger' is missing in type '{ runRepository: FakeRunRepository; repos: FakeRepositoryPort; leases: FakeWorkerLeasePort; queue: FakeJobQueuePort; stepRepo: FakeStepRepository; phaseRepo: FakePhaseRepository; now: () => Date; }' but required in type 'ResumeRunDeps'.
src/__tests__/resume-run.test.ts(206,47): error TS2820: Type '"healthy"' is not assignable to type 'WorkerStatus'. Did you mean '"unhealthy"'?
src/__tests__/resume-run.test.ts(211,43): error TS2739: Type '{ id: RepositoryId; owner: string; name: string; fullName: string; defaultBranch: string; localBasePath: string; enabled: boolean; maxConcurrentRuns: number; createdAt: Date; updatedAt: Date; }' is missing the following properties from type 'Repository': remoteUrl, healthStatus, healthError, lastHealthCheckAt, configMetadata
src/__tests__/resume-run.test.ts(213,35): error TS2345: Argument of type '{ runRepository: FakeRunRepository; repos: FakeRepositoryPort; leases: FakeWorkerLeasePort; queue: FakeJobQueuePort; stepRepo: FakeStepRepository; phaseRepo: FakePhaseRepository; now: () => Date; }' is not assignable to parameter of type 'ResumeRunDeps'.
  Property 'logger' is missing in type '{ runRepository: FakeRunRepository; repos: FakeRepositoryPort; leases: FakeWorkerLeasePort; queue: FakeJobQueuePort; stepRepo: FakeStepRepository; phaseRepo: FakePhaseRepository; now: () => Date; }' but required in type 'ResumeRunDeps'.
src/__tests__/resume-run.test.ts(235,47): error TS2820: Type '"healthy"' is not assignable to type 'WorkerStatus'. Did you mean '"unhealthy"'?
src/__tests__/resume-run.test.ts(237,43): error TS2739: Type '{ id: RepositoryId; owner: string; name: string; fullName: string; defaultBranch: string; localBasePath: string; enabled: boolean; maxConcurrentRuns: number; createdAt: Date; updatedAt: Date; }' is missing the following properties from type 'Repository': remoteUrl, healthStatus, healthError, lastHealthCheckAt, configMetadata
src/__tests__/resume-run.test.ts(238,35): error TS2345: Argument of type '{ runRepository: FakeRunRepository; repos: FakeRepositoryPort; leases: FakeWorkerLeasePort; queue: FakeJobQueuePort; stepRepo: FakeStepRepository; phaseRepo: FakePhaseRepository; now: () => Date; }' is not assignable to parameter of type 'ResumeRunDeps'.
  Property 'logger' is missing in type '{ runRepository: FakeRunRepository; repos: FakeRepositoryPort; leases: FakeWorkerLeasePort; queue: FakeJobQueuePort; stepRepo: FakeStepRepository; phaseRepo: FakePhaseRepository; now: () => Date; }' but required in type 'ResumeRunDeps'.
src/__tests__/resume-run.test.ts(258,47): error TS2820: Type '"healthy"' is not assignable to type 'WorkerStatus'. Did you mean '"unhealthy"'?
src/__tests__/resume-run.test.ts(259,47): error TS2820: Type '"healthy"' is not assignable to type 'WorkerStatus'. Did you mean '"unhealthy"'?
src/__tests__/resume-run.test.ts(269,43): error TS2739: Type '{ id: RepositoryId; owner: string; name: string; fullName: string; defaultBranch: string; localBasePath: string; enabled: boolean; maxConcurrentRuns: number; createdAt: Date; updatedAt: Date; }' is missing the following properties from type 'Repository': remoteUrl, healthStatus, healthError, lastHealthCheckAt, configMetadata
src/__tests__/resume-run.test.ts(271,35): error TS2345: Argument of type '{ runRepository: FakeRunRepository; repos: FakeRepositoryPort; leases: FakeWorkerLeasePort; queue: FakeJobQueuePort; stepRepo: FakeStepRepository; phaseRepo: FakePhaseRepository; now: () => Date; }' is not assignable to parameter of type 'ResumeRunDeps'.
  Property 'logger' is missing in type '{ runRepository: FakeRunRepository; repos: FakeRepositoryPort; leases: FakeWorkerLeasePort; queue: FakeJobQueuePort; stepRepo: FakeStepRepository; phaseRepo: FakePhaseRepository; now: () => Date; }' but required in type 'ResumeRunDeps'.
src/__tests__/resume-run.test.ts(297,47): error TS2820: Type '"healthy"' is not assignable to type 'WorkerStatus'. Did you mean '"unhealthy"'?
src/__tests__/resume-run.test.ts(298,43): error TS2739: Type '{ enabled: false; id: RepositoryId; owner: string; name: string; fullName: string; defaultBranch: string; localBasePath: string; maxConcurrentRuns: number; createdAt: Date; updatedAt: Date; }' is missing the following properties from type 'Repository': remoteUrl, healthStatus, healthError, lastHealthCheckAt, configMetadata
src/__tests__/resume-run.test.ts(299,35): error TS2345: Argument of type '{ runRepository: FakeRunRepository; repos: FakeRepositoryPort; leases: FakeWorkerLeasePort; queue: FakeJobQueuePort; stepRepo: FakeStepRepository; phaseRepo: FakePhaseRepository; now: () => Date; }' is not assignable to parameter of type 'ResumeRunDeps'.
  Property 'logger' is missing in type '{ runRepository: FakeRunRepository; repos: FakeRepositoryPort; leases: FakeWorkerLeasePort; queue: FakeJobQueuePort; stepRepo: FakeStepRepository; phaseRepo: FakePhaseRepository; now: () => Date; }' but required in type 'ResumeRunDeps'.
src/__tests__/resume-run.test.ts(317,47): error TS2820: Type '"healthy"' is not assignable to type 'WorkerStatus'. Did you mean '"unhealthy"'?
src/__tests__/resume-run.test.ts(318,43): error TS2739: Type '{ id: RepositoryId; owner: string; name: string; fullName: string; defaultBranch: string; localBasePath: string; enabled: boolean; maxConcurrentRuns: number; createdAt: Date; updatedAt: Date; }' is missing the following properties from type 'Repository': remoteUrl, healthStatus, healthError, lastHealthCheckAt, configMetadata
src/__tests__/resume-run.test.ts(330,35): error TS2345: Argument of type '{ runRepository: FakeRunRepository; repos: FakeRepositoryPort; leases: FakeWorkerLeasePort; queue: FakeJobQueuePort; stepRepo: FakeStepRepository; phaseRepo: FakePhaseRepository; now: () => Date; }' is not assignable to parameter of type 'ResumeRunDeps'.
  Property 'logger' is missing in type '{ runRepository: FakeRunRepository; repos: FakeRepositoryPort; leases: FakeWorkerLeasePort; queue: FakeJobQueuePort; stepRepo: FakeStepRepository; phaseRepo: FakePhaseRepository; now: () => Date; }' but required in type 'ResumeRunDeps'.
src/__tests__/resume-run.test.ts(362,47): error TS2820: Type '"healthy"' is not assignable to type 'WorkerStatus'. Did you mean '"unhealthy"'?
src/__tests__/resume-run.test.ts(364,43): error TS2739: Type '{ id: RepositoryId; owner: string; name: string; fullName: string; defaultBranch: string; localBasePath: string; enabled: boolean; maxConcurrentRuns: number; createdAt: Date; updatedAt: Date; }' is missing the following properties from type 'Repository': remoteUrl, healthStatus, healthError, lastHealthCheckAt, configMetadata
src/__tests__/resume-run.test.ts(391,35): error TS2345: Argument of type '{ runRepository: FakeRunRepository; repos: FakeRepositoryPort; leases: FakeWorkerLeasePort; queue: FakeQueueWithThrow; stepRepo: FakeStepRepository; phaseRepo: FakePhaseRepository; now: () => Date; }' is not assignable to parameter of type 'ResumeRunDeps'.
  Property 'logger' is missing in type '{ runRepository: FakeRunRepository; repos: FakeRepositoryPort; leases: FakeWorkerLeasePort; queue: FakeQueueWithThrow; stepRepo: FakeStepRepository; phaseRepo: FakePhaseRepository; now: () => Date; }' but required in type 'ResumeRunDeps'.
src/__tests__/resume-run.test.ts(432,47): error TS2820: Type '"healthy"' is not assignable to type 'WorkerStatus'. Did you mean '"unhealthy"'?
src/__tests__/resume-run.test.ts(434,43): error TS2739: Type '{ id: RepositoryId; owner: string; name: string; fullName: string; defaultBranch: string; localBasePath: string; enabled: boolean; maxConcurrentRuns: number; createdAt: Date; updatedAt: Date; }' is missing the following properties from type 'Repository': remoteUrl, healthStatus, healthError, lastHealthCheckAt, configMetadata
src/__tests__/resume-run.test.ts(437,35): error TS2345: Argument of type '{ runRepository: FakeRunRepository; repos: FakeRepositoryPort; leases: FakeWorkerLeasePort; queue: FakeQueueWithThrow; stepRepo: FakeStepRepository; phaseRepo: FakePhaseRepository; now: () => Date; }' is not assignable to parameter of type 'ResumeRunDeps'.
  Property 'logger' is missing in type '{ runRepository: FakeRunRepository; repos: FakeRepositoryPort; leases: FakeWorkerLeasePort; queue: FakeQueueWithThrow; stepRepo: FakeStepRepository; phaseRepo: FakePhaseRepository; now: () => Date; }' but required in type 'ResumeRunDeps'.
src/__tests__/resume-run.test.ts(463,47): error TS2820: Type '"healthy"' is not assignable to type 'WorkerStatus'. Did you mean '"unhealthy"'?
src/__tests__/resume-run.test.ts(464,43): error TS2739: Type '{ id: RepositoryId; owner: string; name: string; fullName: string; defaultBranch: string; localBasePath: string; enabled: boolean; maxConcurrentRuns: number; createdAt: Date; updatedAt: Date; }' is missing the following properties from type 'Repository': remoteUrl, healthStatus, healthError, lastHealthCheckAt, configMetadata
src/__tests__/resume-run.test.ts(486,35): error TS2345: Argument of type '{ runRepository: FakeRunRepository; repos: FakeRepositoryPort; leases: FakeWorkerLeasePort; queue: FakeJobQueuePort; stepRepo: FakeStepRepository; phaseRepo: FakePhaseRepository; now: () => Date; }' is not assignable to parameter of type 'ResumeRunDeps'.
  Property 'logger' is missing in type '{ runRepository: FakeRunRepository; repos: FakeRepositoryPort; leases: FakeWorkerLeasePort; queue: FakeJobQueuePort; stepRepo: FakeStepRepository; phaseRepo: FakePhaseRepository; now: () => Date; }' but required in type 'ResumeRunDeps'.
src/__tests__/resume-run.test.ts(517,47): error TS2820: Type '"healthy"' is not assignable to type 'WorkerStatus'. Did you mean '"unhealthy"'?
src/__tests__/resume-run.test.ts(519,43): error TS2739: Type '{ id: RepositoryId; owner: string; name: string; fullName: string; defaultBranch: string; localBasePath: string; enabled: boolean; maxConcurrentRuns: number; createdAt: Date; updatedAt: Date; }' is missing the following properties from type 'Repository': remoteUrl, healthStatus, healthError, lastHealthCheckAt, configMetadata
src/__tests__/resume-run.test.ts(520,35): error TS2345: Argument of type '{ runRepository: FakeRunRepoWithFailedAtomicUpdate; repos: FakeRepositoryPort; leases: FakeWorkerLeasePort; queue: FakeJobQueuePort; stepRepo: FakeStepRepository; phaseRepo: FakePhaseRepository; now: () => Date; }' is not assignable to parameter of type 'ResumeRunDeps'.
  Property 'logger' is missing in type '{ runRepository: FakeRunRepoWithFailedAtomicUpdate; repos: FakeRepositoryPort; leases: FakeWorkerLeasePort; queue: FakeJobQueuePort; stepRepo: FakeStepRepository; phaseRepo: FakePhaseRepository; now: () => Date; }' but required in type 'ResumeRunDeps'.
src/__tests__/retry-failed-phase.test.ts(13,3): error TS2375: Type '{ exitCode?: number; durationMs?: number; pid?: number; startCommitSha?: string; baseBranch?: string; configFingerprint?: string; configSourcesJson?: string; uuid: string; displayId: string; ... 9 more ...; failureReason?: string; }' is not assignable to type 'RunRecord' with 'exactOptionalPropertyTypes: true'. Consider adding 'undefined' to the types of the target's properties.
  Property 'repoId' is optional in type '{ exitCode?: number; durationMs?: number; pid?: number; startCommitSha?: string; baseBranch?: string; configFingerprint?: string; configSourcesJson?: string; uuid: string; displayId: string; repoId?: RepositoryId; ... 8 more ...; failureReason?: string; }' but required in type 'RunRecord'.
src/__tests__/retry-failed-phase.test.ts(33,79): error TS2322: Type 'FakeResumeRun' is not assignable to type 'Pick<ResumeRun, "transition">'.
  The types returned by 'transition(...)' are incompatible between these types.
    Type 'Promise<void>' is not assignable to type 'Promise<ResumeTransitionState>'.
      Type 'void' is not assignable to type 'ResumeTransitionState'.
src/__tests__/retry-failed-phase.test.ts(54,79): error TS2322: Type 'FakeResumeRun' is not assignable to type 'Pick<ResumeRun, "transition">'.
  The types returned by 'transition(...)' are incompatible between these types.
    Type 'Promise<void>' is not assignable to type 'Promise<ResumeTransitionState>'.
      Type 'void' is not assignable to type 'ResumeTransitionState'.
src/__tests__/retry-failed-phase.test.ts(64,7): error TS2322: Type 'FakeResumeRun' is not assignable to type 'Pick<ResumeRun, "transition">'.
  The types returned by 'transition(...)' are incompatible between these types.
    Type 'Promise<void>' is not assignable to type 'Promise<ResumeTransitionState>'.
      Type 'void' is not assignable to type 'ResumeTransitionState'.
src/__tests__/retry-failed-phase.test.ts(78,7): error TS2322: Type 'FakeResumeRun' is not assignable to type 'Pick<ResumeRun, "transition">'.
  The types returned by 'transition(...)' are incompatible between these types.
    Type 'Promise<void>' is not assignable to type 'Promise<ResumeTransitionState>'.
      Type 'void' is not assignable to type 'ResumeTransitionState'.
src/__tests__/retry-failed-phase.test.ts(91,79): error TS2322: Type 'FakeResumeRun' is not assignable to type 'Pick<ResumeRun, "transition">'.
  The types returned by 'transition(...)' are incompatible between these types.
    Type 'Promise<void>' is not assignable to type 'Promise<ResumeTransitionState>'.
      Type 'void' is not assignable to type 'ResumeTransitionState'.
src/__tests__/retry-failed-phase.test.ts(99,34): error TS2379: Argument of type '{ status: "cancelled"; currentPhase: undefined; }' is not assignable to parameter of type 'Partial<RunRecord>' with 'exactOptionalPropertyTypes: true'. Consider adding 'undefined' to the types of the target's properties.
  Types of property 'currentPhase' are incompatible.
    Type 'undefined' is not assignable to type 'string'.
src/__tests__/retry-failed-phase.test.ts(111,79): error TS2322: Type 'FakeResumeRun' is not assignable to type 'Pick<ResumeRun, "transition">'.
  The types returned by 'transition(...)' are incompatible between these types.
    Type 'Promise<void>' is not assignable to type 'Promise<ResumeTransitionState>'.
      Type 'void' is not assignable to type 'ResumeTransitionState'.
src/__tests__/retry-failed-phase.test.ts(120,34): error TS2379: Argument of type '{ currentPhase: undefined; }' is not assignable to parameter of type 'Partial<RunRecord>' with 'exactOptionalPropertyTypes: true'. Consider adding 'undefined' to the types of the target's properties.
  Types of property 'currentPhase' are incompatible.
    Type 'undefined' is not assignable to type 'string'.
src/__tests__/retry-failed-phase.test.ts(132,79): error TS2322: Type 'FakeResumeRun' is not assignable to type 'Pick<ResumeRun, "transition">'.
  The types returned by 'transition(...)' are incompatible between these types.
    Type 'Promise<void>' is not assignable to type 'Promise<ResumeTransitionState>'.
      Type 'void' is not assignable to type 'ResumeTransitionState'.
src/__tests__/retry-failed-phase.test.ts(141,34): error TS2379: Argument of type '{ status: "needs_human_review"; currentPhase: undefined; }' is not assignable to parameter of type 'Partial<RunRecord>' with 'exactOptionalPropertyTypes: true'. Consider adding 'undefined' to the types of the target's properties.
  Types of property 'currentPhase' are incompatible.
    Type 'undefined' is not assignable to type 'string'.
src/__tests__/retry-failed-phase.test.ts(153,79): error TS2322: Type 'FakeResumeRun' is not assignable to type 'Pick<ResumeRun, "transition">'.
  The types returned by 'transition(...)' are incompatible between these types.
    Type 'Promise<void>' is not assignable to type 'Promise<ResumeTransitionState>'.
      Type 'void' is not assignable to type 'ResumeTransitionState'.
src/__tests__/retry-failed-phase.test.ts(162,34): error TS2379: Argument of type '{ status: "blocked"; currentPhase: undefined; }' is not assignable to parameter of type 'Partial<RunRecord>' with 'exactOptionalPropertyTypes: true'. Consider adding 'undefined' to the types of the target's properties.
  Types of property 'currentPhase' are incompatible.
    Type 'undefined' is not assignable to type 'string'.
src/__tests__/retry-failed-phase.test.ts(174,79): error TS2322: Type 'FakeResumeRun' is not assignable to type 'Pick<ResumeRun, "transition">'.
  The types returned by 'transition(...)' are incompatible between these types.
    Type 'Promise<void>' is not assignable to type 'Promise<ResumeTransitionState>'.
      Type 'void' is not assignable to type 'ResumeTransitionState'.
src/__tests__/retry-failed-phase.test.ts(183,34): error TS2379: Argument of type '{ status: "blocked"; currentPhase: undefined; }' is not assignable to parameter of type 'Partial<RunRecord>' with 'exactOptionalPropertyTypes: true'. Consider adding 'undefined' to the types of the target's properties.
  Types of property 'currentPhase' are incompatible.
    Type 'undefined' is not assignable to type 'string'.
src/__tests__/retry-failed-phase.test.ts(187,7): error TS2322: Type 'FakeResumeRun' is not assignable to type 'Pick<ResumeRun, "transition">'.
  The types returned by 'transition(...)' are incompatible between these types.
    Type 'Promise<void>' is not assignable to type 'Promise<ResumeTransitionState>'.
      Type 'void' is not assignable to type 'ResumeTransitionState'.
src/__tests__/retry-failed-phase.test.ts(208,79): error TS2322: Type 'FakeResumeRun' is not assignable to type 'Pick<ResumeRun, "transition">'.
  The types returned by 'transition(...)' are incompatible between these types.
    Type 'Promise<void>' is not assignable to type 'Promise<ResumeTransitionState>'.
      Type 'void' is not assignable to type 'ResumeTransitionState'.
src/__tests__/retry-failed-phase.test.ts(220,7): error TS2322: Type 'FakeResumeRun' is not assignable to type 'Pick<ResumeRun, "transition">'.
  The types returned by 'transition(...)' are incompatible between these types.
    Type 'Promise<void>' is not assignable to type 'Promise<ResumeTransitionState>'.
      Type 'void' is not assignable to type 'ResumeTransitionState'.
src/__tests__/run-recovery-actions.test.ts(8,3): error TS2375: Type '{ exitCode?: number; durationMs?: number; pid?: number; startCommitSha?: string; baseBranch?: string; configFingerprint?: string; configSourcesJson?: string; uuid: string; displayId: string; ... 9 more ...; failureReason?: string; }' is not assignable to type 'RunRecord' with 'exactOptionalPropertyTypes: true'. Consider adding 'undefined' to the types of the target's properties.
  Property 'repoId' is optional in type '{ exitCode?: number; durationMs?: number; pid?: number; startCommitSha?: string; baseBranch?: string; configFingerprint?: string; configSourcesJson?: string; uuid: string; displayId: string; repoId?: RepositoryId; ... 8 more ...; failureReason?: string; }' but required in type 'RunRecord'.
src/__tests__/run-recovery-actions.test.ts(86,27): error TS2379: Argument of type '{ status: "failed"; currentPhase: undefined; }' is not assignable to parameter of type 'Partial<RunRecord>' with 'exactOptionalPropertyTypes: true'. Consider adding 'undefined' to the types of the target's properties.
  Types of property 'currentPhase' are incompatible.
    Type 'undefined' is not assignable to type 'string'.
src/__tests__/run-recovery-actions.test.ts(112,27): error TS2379: Argument of type '{ status: "blocked"; currentPhase: undefined; }' is not assignable to parameter of type 'Partial<RunRecord>' with 'exactOptionalPropertyTypes: true'. Consider adding 'undefined' to the types of the target's properties.
  Types of property 'currentPhase' are incompatible.
    Type 'undefined' is not assignable to type 'string'.
src/__tests__/run-recovery-actions.test.ts(262,27): error TS2379: Argument of type '{ status: "failed"; completedPhases: string[]; skippedPhases: never[]; currentPhase: undefined; }' is not assignable to parameter of type 'Partial<RunRecord>' with 'exactOptionalPropertyTypes: true'. Consider adding 'undefined' to the types of the target's properties.
  Types of property 'currentPhase' are incompatible.
    Type 'undefined' is not assignable to type 'string'.
src/__tests__/run-recovery-actions.test.ts(297,27): error TS2379: Argument of type '{ status: "blocked"; completedPhases: string[]; skippedPhases: never[]; currentPhase: undefined; }' is not assignable to parameter of type 'Partial<RunRecord>' with 'exactOptionalPropertyTypes: true'. Consider adding 'undefined' to the types of the target's properties.
  Types of property 'currentPhase' are incompatible.
    Type 'undefined' is not assignable to type 'string'.
src/__tests__/run-recovery-actions.test.ts(332,27): error TS2379: Argument of type '{ status: "cancelled"; currentPhase: undefined; completedPhases: string[]; }' is not assignable to parameter of type 'Partial<RunRecord>' with 'exactOptionalPropertyTypes: true'. Consider adding 'undefined' to the types of the target's properties.
  Types of property 'currentPhase' are incompatible.
    Type 'undefined' is not assignable to type 'string'.
src/__tests__/run-validation.test.ts(69,12): error TS2532: Object is possibly 'undefined'.
src/__tests__/run-validation.test.ts(70,12): error TS2532: Object is possibly 'undefined'.
src/__tests__/run-validation.test.ts(163,12): error TS2532: Object is possibly 'undefined'.
src/__tests__/run-validation.test.ts(164,12): error TS2532: Object is possibly 'undefined'.
src/__tests__/run-validation.test.ts(165,12): error TS2532: Object is possibly 'undefined'.
src/__tests__/start-issue-run.test.ts(26,3): error TS4114: This member must have an 'override' modifier because it overrides a member in the base class 'FakeRunRepository'.
src/__tests__/start-issue-run.test.ts(157,39): error TS2345: Argument of type '{ now: () => Date; eventRepository: FakeEventRepository; eventBus: FakeEventBus; createEventTailer: EventTailerFactory; baseTmpDir: string; ... 7 more ...; scriptPath: string; }' is not assignable to parameter of type 'StartIssueRunDeps'.
  The types returned by 'eventRepository.listByRunSince(...)' are incompatible between these types.
    Type '{ [k: string]: unknown; id: number; runUuid: string; type: string; }[]' is not assignable to type '{ id: number; runUuid: string; phase?: string; level: string; type: string; message: string; metadata: Record<string, unknown>; timestamp: Date; }[]'.
      Type '{ [k: string]: unknown; id: number; runUuid: string; type: string; }' is missing the following properties from type '{ id: number; runUuid: string; phase?: string; level: string; type: string; message: string; metadata: Record<string, unknown>; timestamp: Date; }': level, message, metadata, timestamp
src/__tests__/start-issue-run.test.ts(193,39): error TS2345: Argument of type '{ now: () => Date; eventRepository: FakeEventRepository; eventBus: FakeEventBus; createEventTailer: EventTailerFactory; baseTmpDir: string; ... 8 more ...; resolveRefSha: (cwd: string, ref: string) => string; }' is not assignable to parameter of type 'StartIssueRunDeps'.
  The types returned by 'eventRepository.listByRunSince(...)' are incompatible between these types.
    Type '{ [k: string]: unknown; id: number; runUuid: string; type: string; }[]' is not assignable to type '{ id: number; runUuid: string; phase?: string; level: string; type: string; message: string; metadata: Record<string, unknown>; timestamp: Date; }[]'.
      Type '{ [k: string]: unknown; id: number; runUuid: string; type: string; }' is missing the following properties from type '{ id: number; runUuid: string; phase?: string; level: string; type: string; message: string; metadata: Record<string, unknown>; timestamp: Date; }': level, message, metadata, timestamp
src/__tests__/start-issue-run.test.ts(216,39): error TS2345: Argument of type '{ now: () => Date; eventRepository: FakeEventRepository; eventBus: FakeEventBus; createEventTailer: EventTailerFactory; baseTmpDir: string; ... 7 more ...; scriptPath: string; }' is not assignable to parameter of type 'StartIssueRunDeps'.
  The types returned by 'eventRepository.listByRunSince(...)' are incompatible between these types.
    Type '{ [k: string]: unknown; id: number; runUuid: string; type: string; }[]' is not assignable to type '{ id: number; runUuid: string; phase?: string; level: string; type: string; message: string; metadata: Record<string, unknown>; timestamp: Date; }[]'.
      Type '{ [k: string]: unknown; id: number; runUuid: string; type: string; }' is missing the following properties from type '{ id: number; runUuid: string; phase?: string; level: string; type: string; message: string; metadata: Record<string, unknown>; timestamp: Date; }': level, message, metadata, timestamp
src/__tests__/start-issue-run.test.ts(240,19): error TS2345: Argument of type 'string | undefined' is not assignable to parameter of type 'string'.
  Type 'undefined' is not assignable to type 'string'.
src/__tests__/start-issue-run.test.ts(243,39): error TS2345: Argument of type '{ now: () => Date; eventRepository: FakeEventRepository; eventBus: FakeEventBus; createEventTailer: EventTailerFactory; baseTmpDir: string; ... 7 more ...; scriptPath: string; }' is not assignable to parameter of type 'StartIssueRunDeps'.
  The types returned by 'eventRepository.listByRunSince(...)' are incompatible between these types.
    Type '{ [k: string]: unknown; id: number; runUuid: string; type: string; }[]' is not assignable to type '{ id: number; runUuid: string; phase?: string; level: string; type: string; message: string; metadata: Record<string, unknown>; timestamp: Date; }[]'.
      Type '{ [k: string]: unknown; id: number; runUuid: string; type: string; }' is missing the following properties from type '{ id: number; runUuid: string; phase?: string; level: string; type: string; message: string; metadata: Record<string, unknown>; timestamp: Date; }': level, message, metadata, timestamp
src/__tests__/start-issue-run.test.ts(265,17): error TS2345: Argument of type '{ uuid: string; displayId: string; repoId: RepositoryId; issueNumber: number; type: "issue_to_pr"; status: "running"; completedPhases: never[]; startedAt: Date; }' is not assignable to parameter of type 'RunRecord'.
  Property 'skippedPhases' is missing in type '{ uuid: string; displayId: string; repoId: RepositoryId; issueNumber: number; type: "issue_to_pr"; status: "running"; completedPhases: never[]; startedAt: Date; }' but required in type 'RunRecord'.
src/__tests__/start-issue-run.test.ts(277,39): error TS2345: Argument of type '{ now: () => Date; eventRepository: FakeEventRepository; eventBus: FakeEventBus; createEventTailer: EventTailerFactory; baseTmpDir: string; ... 7 more ...; scriptPath: string; }' is not assignable to parameter of type 'StartIssueRunDeps'.
  The types returned by 'eventRepository.listByRunSince(...)' are incompatible between these types.
    Type '{ [k: string]: unknown; id: number; runUuid: string; type: string; }[]' is not assignable to type '{ id: number; runUuid: string; phase?: string; level: string; type: string; message: string; metadata: Record<string, unknown>; timestamp: Date; }[]'.
      Type '{ [k: string]: unknown; id: number; runUuid: string; type: string; }' is missing the following properties from type '{ id: number; runUuid: string; phase?: string; level: string; type: string; message: string; metadata: Record<string, unknown>; timestamp: Date; }': level, message, metadata, timestamp
src/__tests__/start-issue-run.test.ts(298,39): error TS2345: Argument of type '{ now: () => Date; eventRepository: FakeEventRepository; eventBus: FakeEventBus; createEventTailer: EventTailerFactory; baseTmpDir: string; ... 10 more ...; agentCli: string; }' is not assignable to parameter of type 'StartIssueRunDeps'.
  The types returned by 'eventRepository.listByRunSince(...)' are incompatible between these types.
    Type '{ [k: string]: unknown; id: number; runUuid: string; type: string; }[]' is not assignable to type '{ id: number; runUuid: string; phase?: string; level: string; type: string; message: string; metadata: Record<string, unknown>; timestamp: Date; }[]'.
      Type '{ [k: string]: unknown; id: number; runUuid: string; type: string; }' is missing the following properties from type '{ id: number; runUuid: string; phase?: string; level: string; type: string; message: string; metadata: Record<string, unknown>; timestamp: Date; }': level, message, metadata, timestamp
src/__tests__/start-issue-run.test.ts(328,39): error TS2345: Argument of type '{ now: () => Date; eventRepository: FakeEventRepository; eventBus: FakeEventBus; createEventTailer: EventTailerFactory; baseTmpDir: string; ... 9 more ...; resolveRefSha: (cwd: string, ref: string) => string; }' is not assignable to parameter of type 'StartIssueRunDeps'.
  The types returned by 'eventRepository.listByRunSince(...)' are incompatible between these types.
    Type '{ [k: string]: unknown; id: number; runUuid: string; type: string; }[]' is not assignable to type '{ id: number; runUuid: string; phase?: string; level: string; type: string; message: string; metadata: Record<string, unknown>; timestamp: Date; }[]'.
      Type '{ [k: string]: unknown; id: number; runUuid: string; type: string; }' is missing the following properties from type '{ id: number; runUuid: string; phase?: string; level: string; type: string; message: string; metadata: Record<string, unknown>; timestamp: Date; }': level, message, metadata, timestamp
src/__tests__/start-issue-run.test.ts(358,39): error TS2345: Argument of type '{ now: () => Date; eventRepository: FakeEventRepository; eventBus: FakeEventBus; createEventTailer: EventTailerFactory; baseTmpDir: string; ... 7 more ...; scriptPath: string; }' is not assignable to parameter of type 'StartIssueRunDeps'.
  The types returned by 'eventRepository.listByRunSince(...)' are incompatible between these types.
    Type '{ [k: string]: unknown; id: number; runUuid: string; type: string; }[]' is not assignable to type '{ id: number; runUuid: string; phase?: string; level: string; type: string; message: string; metadata: Record<string, unknown>; timestamp: Date; }[]'.
      Type '{ [k: string]: unknown; id: number; runUuid: string; type: string; }' is missing the following properties from type '{ id: number; runUuid: string; phase?: string; level: string; type: string; message: string; metadata: Record<string, unknown>; timestamp: Date; }': level, message, metadata, timestamp
src/__tests__/start-issue-run.test.ts(380,39): error TS2345: Argument of type '{ now: () => Date; eventRepository: FakeEventRepository; eventBus: FakeEventBus; createEventTailer: EventTailerFactory; baseTmpDir: string; ... 7 more ...; scriptPath: string; }' is not assignable to parameter of type 'StartIssueRunDeps'.
  The types returned by 'eventRepository.listByRunSince(...)' are incompatible between these types.
    Type '{ [k: string]: unknown; id: number; runUuid: string; type: string; }[]' is not assignable to type '{ id: number; runUuid: string; phase?: string; level: string; type: string; message: string; metadata: Record<string, unknown>; timestamp: Date; }[]'.
      Type '{ [k: string]: unknown; id: number; runUuid: string; type: string; }' is missing the following properties from type '{ id: number; runUuid: string; phase?: string; level: string; type: string; message: string; metadata: Record<string, unknown>; timestamp: Date; }': level, message, metadata, timestamp
src/__tests__/start-issue-run.test.ts(407,39): error TS2345: Argument of type '{ now: () => Date; logger: { error: (m: string) => number; }; eventRepository: FakeEventRepository; eventBus: FakeEventBus; createEventTailer: EventTailerFactory; ... 8 more ...; scriptPath: string; }' is not assignable to parameter of type 'StartIssueRunDeps'.
  The types returned by 'eventRepository.listByRunSince(...)' are incompatible between these types.
    Type '{ [k: string]: unknown; id: number; runUuid: string; type: string; }[]' is not assignable to type '{ id: number; runUuid: string; phase?: string; level: string; type: string; message: string; metadata: Record<string, unknown>; timestamp: Date; }[]'.
      Type '{ [k: string]: unknown; id: number; runUuid: string; type: string; }' is missing the following properties from type '{ id: number; runUuid: string; phase?: string; level: string; type: string; message: string; metadata: Record<string, unknown>; timestamp: Date; }': level, message, metadata, timestamp
src/__tests__/start-issue-run.test.ts(438,39): error TS2345: Argument of type '{ now: () => Date; eventRepository: FakeEventRepository; eventBus: FakeEventBus; createEventTailer: EventTailerFactory; baseTmpDir: string; ... 7 more ...; scriptPath: string; }' is not assignable to parameter of type 'StartIssueRunDeps'.
  The types returned by 'eventRepository.listByRunSince(...)' are incompatible between these types.
    Type '{ [k: string]: unknown; id: number; runUuid: string; type: string; }[]' is not assignable to type '{ id: number; runUuid: string; phase?: string; level: string; type: string; message: string; metadata: Record<string, unknown>; timestamp: Date; }[]'.
      Type '{ [k: string]: unknown; id: number; runUuid: string; type: string; }' is missing the following properties from type '{ id: number; runUuid: string; phase?: string; level: string; type: string; message: string; metadata: Record<string, unknown>; timestamp: Date; }': level, message, metadata, timestamp
src/__tests__/start-issue-run.test.ts(483,39): error TS2345: Argument of type '{ now: () => Date; eventRepository: FakeEventRepository; eventBus: FakeEventBus; createEventTailer: EventTailerFactory; baseTmpDir: string; ... 7 more ...; scriptPath: string; }' is not assignable to parameter of type 'StartIssueRunDeps'.
  The types returned by 'eventRepository.listByRunSince(...)' are incompatible between these types.
    Type '{ [k: string]: unknown; id: number; runUuid: string; type: string; }[]' is not assignable to type '{ id: number; runUuid: string; phase?: string; level: string; type: string; message: string; metadata: Record<string, unknown>; timestamp: Date; }[]'.
      Type '{ [k: string]: unknown; id: number; runUuid: string; type: string; }' is missing the following properties from type '{ id: number; runUuid: string; phase?: string; level: string; type: string; message: string; metadata: Record<string, unknown>; timestamp: Date; }': level, message, metadata, timestamp
src/__tests__/start-issue-run.test.ts(521,39): error TS2345: Argument of type '{ now: () => Date; eventRepository: FakeEventRepository; eventBus: FakeEventBus; createEventTailer: EventTailerFactory; baseTmpDir: string; ... 7 more ...; scriptPath: string; }' is not assignable to parameter of type 'StartIssueRunDeps'.
  The types returned by 'eventRepository.listByRunSince(...)' are incompatible between these types.
    Type '{ [k: string]: unknown; id: number; runUuid: string; type: string; }[]' is not assignable to type '{ id: number; runUuid: string; phase?: string; level: string; type: string; message: string; metadata: Record<string, unknown>; timestamp: Date; }[]'.
      Type '{ [k: string]: unknown; id: number; runUuid: string; type: string; }' is missing the following properties from type '{ id: number; runUuid: string; phase?: string; level: string; type: string; message: string; metadata: Record<string, unknown>; timestamp: Date; }': level, message, metadata, timestamp
src/__tests__/start-issue-run.test.ts(553,39): error TS2345: Argument of type '{ now: () => Date; eventRepository: FakeEventRepository; eventBus: FakeEventBus; createEventTailer: EventTailerFactory; baseTmpDir: string; ... 7 more ...; scriptPath: string; }' is not assignable to parameter of type 'StartIssueRunDeps'.
  The types returned by 'eventRepository.listByRunSince(...)' are incompatible between these types.
    Type '{ [k: string]: unknown; id: number; runUuid: string; type: string; }[]' is not assignable to type '{ id: number; runUuid: string; phase?: string; level: string; type: string; message: string; metadata: Record<string, unknown>; timestamp: Date; }[]'.
      Type '{ [k: string]: unknown; id: number; runUuid: string; type: string; }' is missing the following properties from type '{ id: number; runUuid: string; phase?: string; level: string; type: string; message: string; metadata: Record<string, unknown>; timestamp: Date; }': level, message, metadata, timestamp
src/__tests__/start-issue-run.test.ts(574,39): error TS2345: Argument of type '{ now: () => Date; eventRepository: FakeEventRepository; eventBus: FakeEventBus; createEventTailer: EventTailerFactory; baseTmpDir: string; ... 7 more ...; scriptPath: string; }' is not assignable to parameter of type 'StartIssueRunDeps'.
  The types returned by 'eventRepository.listByRunSince(...)' are incompatible between these types.
    Type '{ [k: string]: unknown; id: number; runUuid: string; type: string; }[]' is not assignable to type '{ id: number; runUuid: string; phase?: string; level: string; type: string; message: string; metadata: Record<string, unknown>; timestamp: Date; }[]'.
      Type '{ [k: string]: unknown; id: number; runUuid: string; type: string; }' is missing the following properties from type '{ id: number; runUuid: string; phase?: string; level: string; type: string; message: string; metadata: Record<string, unknown>; timestamp: Date; }': level, message, metadata, timestamp
src/__tests__/start-issue-run.test.ts(596,39): error TS2345: Argument of type '{ now: () => Date; logger: { error: (m: string) => number; }; eventRepository: FakeEventRepository; eventBus: FakeEventBus; createEventTailer: EventTailerFactory; ... 8 more ...; scriptPath: string; }' is not assignable to parameter of type 'StartIssueRunDeps'.
  The types returned by 'eventRepository.listByRunSince(...)' are incompatible between these types.
    Type '{ [k: string]: unknown; id: number; runUuid: string; type: string; }[]' is not assignable to type '{ id: number; runUuid: string; phase?: string; level: string; type: string; message: string; metadata: Record<string, unknown>; timestamp: Date; }[]'.
      Type '{ [k: string]: unknown; id: number; runUuid: string; type: string; }' is missing the following properties from type '{ id: number; runUuid: string; phase?: string; level: string; type: string; message: string; metadata: Record<string, unknown>; timestamp: Date; }': level, message, metadata, timestamp
src/__tests__/start-issue-run.test.ts(622,39): error TS2345: Argument of type '{ now: () => Date; eventRepository: FakeEventRepository; eventBus: FakeEventBus; createEventTailer: EventTailerFactory; baseTmpDir: string; ... 7 more ...; scriptPath: string; }' is not assignable to parameter of type 'StartIssueRunDeps'.
  The types returned by 'eventRepository.listByRunSince(...)' are incompatible between these types.
    Type '{ [k: string]: unknown; id: number; runUuid: string; type: string; }[]' is not assignable to type '{ id: number; runUuid: string; phase?: string; level: string; type: string; message: string; metadata: Record<string, unknown>; timestamp: Date; }[]'.
      Type '{ [k: string]: unknown; id: number; runUuid: string; type: string; }' is missing the following properties from type '{ id: number; runUuid: string; phase?: string; level: string; type: string; message: string; metadata: Record<string, unknown>; timestamp: Date; }': level, message, metadata, timestamp
src/__tests__/start-issue-run.test.ts(651,39): error TS2345: Argument of type '{ now: () => Date; logger: { error: (m: string) => number; }; eventRepository: FakeEventRepository; eventBus: FakeEventBus; createEventTailer: EventTailerFactory; ... 8 more ...; scriptPath: string; }' is not assignable to parameter of type 'StartIssueRunDeps'.
  The types returned by 'eventRepository.listByRunSince(...)' are incompatible between these types.
    Type '{ [k: string]: unknown; id: number; runUuid: string; type: string; }[]' is not assignable to type '{ id: number; runUuid: string; phase?: string; level: string; type: string; message: string; metadata: Record<string, unknown>; timestamp: Date; }[]'.
      Type '{ [k: string]: unknown; id: number; runUuid: string; type: string; }' is missing the following properties from type '{ id: number; runUuid: string; phase?: string; level: string; type: string; message: string; metadata: Record<string, unknown>; timestamp: Date; }': level, message, metadata, timestamp
src/__tests__/start-issue-run.test.ts(677,39): error TS2345: Argument of type '{ now: () => Date; eventRepository: FakeEventRepository; eventBus: FakeEventBus; createEventTailer: EventTailerFactory; baseTmpDir: string; ... 7 more ...; scriptPath: string; }' is not assignable to parameter of type 'StartIssueRunDeps'.
  The types returned by 'eventRepository.listByRunSince(...)' are incompatible between these types.
    Type '{ [k: string]: unknown; id: number; runUuid: string; type: string; }[]' is not assignable to type '{ id: number; runUuid: string; phase?: string; level: string; type: string; message: string; metadata: Record<string, unknown>; timestamp: Date; }[]'.
      Type '{ [k: string]: unknown; id: number; runUuid: string; type: string; }' is missing the following properties from type '{ id: number; runUuid: string; phase?: string; level: string; type: string; message: string; metadata: Record<string, unknown>; timestamp: Date; }': level, message, metadata, timestamp
src/__tests__/start-issue-run.test.ts(685,7): error TS2783: 'baseTmpDir' is specified more than once, so this usage will be overwritten.
src/__tests__/start-issue-run.test.ts(686,7): error TS2783: 'tmpDirectoryFactory' is specified more than once, so this usage will be overwritten.
src/__tests__/start-issue-run.test.ts(701,39): error TS2345: Argument of type '{ baseTmpDir: string; tmpDirectoryFactory: TmpDirectoryFactory; now: () => Date; eventRepository: FakeEventRepository; eventBus: FakeEventBus; ... 7 more ...; scriptPath: string; }' is not assignable to parameter of type 'StartIssueRunDeps'.
  The types returned by 'eventRepository.listByRunSince(...)' are incompatible between these types.
    Type '{ [k: string]: unknown; id: number; runUuid: string; type: string; }[]' is not assignable to type '{ id: number; runUuid: string; phase?: string; level: string; type: string; message: string; metadata: Record<string, unknown>; timestamp: Date; }[]'.
      Type '{ [k: string]: unknown; id: number; runUuid: string; type: string; }' is missing the following properties from type '{ id: number; runUuid: string; phase?: string; level: string; type: string; message: string; metadata: Record<string, unknown>; timestamp: Date; }': level, message, metadata, timestamp
src/__tests__/start-issue-run.test.ts(732,39): error TS2345: Argument of type '{ tmpDirectoryFactory: TmpDirectoryFactory; now: () => Date; eventRepository: FakeEventRepository; eventBus: FakeEventBus; ... 8 more ...; scriptPath: string; }' is not assignable to parameter of type 'StartIssueRunDeps'.
  The types returned by 'eventRepository.listByRunSince(...)' are incompatible between these types.
    Type '{ [k: string]: unknown; id: number; runUuid: string; type: string; }[]' is not assignable to type '{ id: number; runUuid: string; phase?: string; level: string; type: string; message: string; metadata: Record<string, unknown>; timestamp: Date; }[]'.
      Type '{ [k: string]: unknown; id: number; runUuid: string; type: string; }' is missing the following properties from type '{ id: number; runUuid: string; phase?: string; level: string; type: string; message: string; metadata: Record<string, unknown>; timestamp: Date; }': level, message, metadata, timestamp
src/__tests__/start-issue-run.test.ts(761,39): error TS2345: Argument of type '{ tmpDirectoryFactory: TmpDirectoryFactory; now: () => Date; eventRepository: FakeEventRepository; eventBus: FakeEventBus; ... 8 more ...; scriptPath: string; }' is not assignable to parameter of type 'StartIssueRunDeps'.
  The types returned by 'eventRepository.listByRunSince(...)' are incompatible between these types.
    Type '{ [k: string]: unknown; id: number; runUuid: string; type: string; }[]' is not assignable to type '{ id: number; runUuid: string; phase?: string; level: string; type: string; message: string; metadata: Record<string, unknown>; timestamp: Date; }[]'.
      Type '{ [k: string]: unknown; id: number; runUuid: string; type: string; }' is missing the following properties from type '{ id: number; runUuid: string; phase?: string; level: string; type: string; message: string; metadata: Record<string, unknown>; timestamp: Date; }': level, message, metadata, timestamp
src/__tests__/start-issue-run.test.ts(789,39): error TS2345: Argument of type '{ tmpDirectoryFactory: TmpDirectoryFactory; now: () => Date; eventRepository: FakeEventRepository; eventBus: FakeEventBus; ... 8 more ...; scriptPath: string; }' is not assignable to parameter of type 'StartIssueRunDeps'.
  The types returned by 'eventRepository.listByRunSince(...)' are incompatible between these types.
    Type '{ [k: string]: unknown; id: number; runUuid: string; type: string; }[]' is not assignable to type '{ id: number; runUuid: string; phase?: string; level: string; type: string; message: string; metadata: Record<string, unknown>; timestamp: Date; }[]'.
      Type '{ [k: string]: unknown; id: number; runUuid: string; type: string; }' is missing the following properties from type '{ id: number; runUuid: string; phase?: string; level: string; type: string; message: string; metadata: Record<string, unknown>; timestamp: Date; }': level, message, metadata, timestamp
src/__tests__/start-issue-run.test.ts(815,39): error TS2345: Argument of type '{ baseTmpDir: string; tmpDirectoryFactory: TmpDirectoryFactory; now: () => Date; eventRepository: FakeEventRepository; eventBus: FakeEventBus; ... 7 more ...; scriptPath: string; }' is not assignable to parameter of type 'StartIssueRunDeps'.
  The types returned by 'eventRepository.listByRunSince(...)' are incompatible between these types.
    Type '{ [k: string]: unknown; id: number; runUuid: string; type: string; }[]' is not assignable to type '{ id: number; runUuid: string; phase?: string; level: string; type: string; message: string; metadata: Record<string, unknown>; timestamp: Date; }[]'.
      Type '{ [k: string]: unknown; id: number; runUuid: string; type: string; }' is missing the following properties from type '{ id: number; runUuid: string; phase?: string; level: string; type: string; message: string; metadata: Record<string, unknown>; timestamp: Date; }': level, message, metadata, timestamp
src/__tests__/start-issue-run.test.ts(847,3): error TS2416: Property 'listByRunSince' in type 'FakeEventRepository' is not assignable to the same property in base type 'EventRepositoryPort'.
  Type '() => { [k: string]: unknown; id: number; runUuid: string; type: string; }[]' is not assignable to type '(runUuid: string, sinceIso?: string | undefined) => { id: number; runUuid: string; phase?: string; level: string; type: string; message: string; metadata: Record<string, unknown>; timestamp: Date; }[]'.
    Type '{ [k: string]: unknown; id: number; runUuid: string; type: string; }[]' is not assignable to type '{ id: number; runUuid: string; phase?: string; level: string; type: string; message: string; metadata: Record<string, unknown>; timestamp: Date; }[]'.
      Type '{ [k: string]: unknown; id: number; runUuid: string; type: string; }' is missing the following properties from type '{ id: number; runUuid: string; phase?: string; level: string; type: string; message: string; metadata: Record<string, unknown>; timestamp: Date; }': level, message, metadata, timestamp
src/__tests__/start-issue-run.test.ts(879,7): error TS2322: Type 'FakeEventRepository' is not assignable to type 'EventRepositoryPort'.
  The types returned by 'listByRunSince(...)' are incompatible between these types.
    Type '{ [k: string]: unknown; id: number; runUuid: string; type: string; }[]' is not assignable to type '{ id: number; runUuid: string; phase?: string; level: string; type: string; message: string; metadata: Record<string, unknown>; timestamp: Date; }[]'.
      Type '{ [k: string]: unknown; id: number; runUuid: string; type: string; }' is missing the following properties from type '{ id: number; runUuid: string; phase?: string; level: string; type: string; message: string; metadata: Record<string, unknown>; timestamp: Date; }': level, message, metadata, timestamp
src/__tests__/start-issue-run.test.ts(934,7): error TS2322: Type 'FakeEventRepository' is not assignable to type 'EventRepositoryPort'.
  The types returned by 'listByRunSince(...)' are incompatible between these types.
    Type '{ [k: string]: unknown; id: number; runUuid: string; type: string; }[]' is not assignable to type '{ id: number; runUuid: string; phase?: string; level: string; type: string; message: string; metadata: Record<string, unknown>; timestamp: Date; }[]'.
      Type '{ [k: string]: unknown; id: number; runUuid: string; type: string; }' is missing the following properties from type '{ id: number; runUuid: string; phase?: string; level: string; type: string; message: string; metadata: Record<string, unknown>; timestamp: Date; }': level, message, metadata, timestamp
src/__tests__/start-issue-run.test.ts(1007,7): error TS2322: Type 'FakeEventRepository' is not assignable to type 'EventRepositoryPort'.
  The types returned by 'listByRunSince(...)' are incompatible between these types.
    Type '{ [k: string]: unknown; id: number; runUuid: string; type: string; }[]' is not assignable to type '{ id: number; runUuid: string; phase?: string; level: string; type: string; message: string; metadata: Record<string, unknown>; timestamp: Date; }[]'.
      Type '{ [k: string]: unknown; id: number; runUuid: string; type: string; }' is missing the following properties from type '{ id: number; runUuid: string; phase?: string; level: string; type: string; message: string; metadata: Record<string, unknown>; timestamp: Date; }': level, message, metadata, timestamp
src/__tests__/start-issue-run.test.ts(1078,7): error TS2322: Type 'FakeEventRepository' is not assignable to type 'EventRepositoryPort'.
  The types returned by 'listByRunSince(...)' are incompatible between these types.
    Type '{ [k: string]: unknown; id: number; runUuid: string; type: string; }[]' is not assignable to type '{ id: number; runUuid: string; phase?: string; level: string; type: string; message: string; metadata: Record<string, unknown>; timestamp: Date; }[]'.
      Type '{ [k: string]: unknown; id: number; runUuid: string; type: string; }' is missing the following properties from type '{ id: number; runUuid: string; phase?: string; level: string; type: string; message: string; metadata: Record<string, unknown>; timestamp: Date; }': level, message, metadata, timestamp
src/__tests__/start-issue-run.test.ts(1112,11): error TS2375: Type '{ runRepository: RunRepositoryPort; failureRepository: FailureRepositoryPort; classifyExit: ClassifyExitFn; runDirectoryFactory: RunDirectoryFactory; ... 15 more ...; resolveRefSha?: ResolveRefShaFn; }' is not assignable to type 'StartIssueRunDeps' with 'exactOptionalPropertyTypes: true'. Consider adding 'undefined' to the types of the target's properties.
  Types of property 'eventRepository' are incompatible.
    Type 'EventRepositoryPort | FakeEventRepository' is not assignable to type 'EventRepositoryPort'.
      Type 'FakeEventRepository' is not assignable to type 'EventRepositoryPort'.
        The types returned by 'listByRunSince(...)' are incompatible between these types.
          Type '{ [k: string]: unknown; id: number; runUuid: string; type: string; }[]' is not assignable to type '{ id: number; runUuid: string; phase?: string; level: string; type: string; message: string; metadata: Record<string, unknown>; timestamp: Date; }[]'.
            Type '{ [k: string]: unknown; id: number; runUuid: string; type: string; }' is missing the following properties from type '{ id: number; runUuid: string; phase?: string; level: string; type: string; message: string; metadata: Record<string, unknown>; timestamp: Date; }': level, message, metadata, timestamp
src/__tests__/sweep-orphaned-runs.test.ts(12,17): error TS2345: Argument of type '{ uuid: string; displayId: string; issueNumber: number; type: "issue_to_pr"; status: "running"; completedPhases: never[]; startedAt: Date; pid: number; }' is not assignable to parameter of type 'RunRecord'.
  Type '{ uuid: string; displayId: string; issueNumber: number; type: "issue_to_pr"; status: "running"; completedPhases: never[]; startedAt: Date; pid: number; }' is missing the following properties from type 'RunRecord': repoId, skippedPhases
src/__tests__/sweep-orphaned-runs.test.ts(34,17): error TS2345: Argument of type '{ uuid: string; displayId: string; issueNumber: number; type: "issue_to_pr"; status: "running"; completedPhases: never[]; startedAt: Date; pid: number; }' is not assignable to parameter of type 'RunRecord'.
  Type '{ uuid: string; displayId: string; issueNumber: number; type: "issue_to_pr"; status: "running"; completedPhases: never[]; startedAt: Date; pid: number; }' is missing the following properties from type 'RunRecord': repoId, skippedPhases
src/__tests__/sweep-orphaned-runs.test.ts(57,17): error TS2345: Argument of type '{ uuid: string; displayId: string; issueNumber: number; type: "issue_to_pr"; status: "running"; completedPhases: never[]; startedAt: Date; pid: number; }' is not assignable to parameter of type 'RunRecord'.
  Type '{ uuid: string; displayId: string; issueNumber: number; type: "issue_to_pr"; status: "running"; completedPhases: never[]; startedAt: Date; pid: number; }' is missing the following properties from type 'RunRecord': repoId, skippedPhases
src/__tests__/sweep-orphaned-runs.test.ts(76,17): error TS2345: Argument of type '{ uuid: string; displayId: string; issueNumber: number; type: "issue_to_pr"; status: "running"; currentPhase: string; completedPhases: never[]; skippedPhases: never[]; startedAt: Date; pid: number; }' is not assignable to parameter of type 'RunRecord'.
  Property 'repoId' is missing in type '{ uuid: string; displayId: string; issueNumber: number; type: "issue_to_pr"; status: "running"; currentPhase: string; completedPhases: never[]; skippedPhases: never[]; startedAt: Date; pid: number; }' but required in type 'RunRecord'.
src/__tests__/sweep-orphaned-runs.test.ts(125,17): error TS2345: Argument of type '{ uuid: string; displayId: string; issueNumber: number; type: "issue_to_pr"; status: "running"; completedPhases: never[]; startedAt: Date; pid: number; }' is not assignable to parameter of type 'RunRecord'.
  Type '{ uuid: string; displayId: string; issueNumber: number; type: "issue_to_pr"; status: "running"; completedPhases: never[]; startedAt: Date; pid: number; }' is missing the following properties from type 'RunRecord': repoId, skippedPhases
src/__tests__/sweep-orphaned-runs.test.ts(144,17): error TS2345: Argument of type '{ uuid: string; displayId: string; issueNumber: number; type: "issue_to_pr"; status: "running"; completedPhases: never[]; startedAt: Date; }' is not assignable to parameter of type 'RunRecord'.
  Type '{ uuid: string; displayId: string; issueNumber: number; type: "issue_to_pr"; status: "running"; completedPhases: never[]; startedAt: Date; }' is missing the following properties from type 'RunRecord': repoId, skippedPhases
src/__tests__/sweep-orphaned-runs.test.ts(170,17): error TS2345: Argument of type '{ uuid: string; displayId: string; issueNumber: number; type: "issue_to_pr"; status: "running"; completedPhases: never[]; startedAt: Date; pid: number; }' is not assignable to parameter of type 'RunRecord'.
  Type '{ uuid: string; displayId: string; issueNumber: number; type: "issue_to_pr"; status: "running"; completedPhases: never[]; startedAt: Date; pid: number; }' is missing the following properties from type 'RunRecord': repoId, skippedPhases
src/__tests__/sweep-orphaned-runs.test.ts(180,17): error TS2345: Argument of type '{ uuid: string; displayId: string; issueNumber: number; type: "issue_to_pr"; status: "waiting"; completedPhases: never[]; startedAt: Date; pid: number; }' is not assignable to parameter of type 'RunRecord'.
  Type '{ uuid: string; displayId: string; issueNumber: number; type: "issue_to_pr"; status: "waiting"; completedPhases: never[]; startedAt: Date; pid: number; }' is missing the following properties from type 'RunRecord': repoId, skippedPhases
src/__tests__/waiting-runs-sweeper.test.ts(137,42): error TS2345: Argument of type 'string' is not assignable to parameter of type 'RepositoryId'.
  Type 'string' is not assignable to type '{ readonly __brand: "RepositoryId"; }'.
src/__tests__/worker-concurrency.test.ts(21,5): error TS2739: Type '{ id: RepositoryId; owner: string; name: string; fullName: string; defaultBranch: string; localBasePath: string; enabled: true; maxConcurrentRuns: 1; createdAt: Date; updatedAt: Date; }' is missing the following properties from type 'Repository': remoteUrl, healthStatus, healthError, lastHealthCheckAt, configMetadata
src/__tests__/worker-concurrency.test.ts(33,5): error TS2739: Type '{ id: RepositoryId; owner: string; name: string; fullName: string; defaultBranch: string; localBasePath: string; enabled: true; maxConcurrentRuns: 1; createdAt: Date; updatedAt: Date; }' is missing the following properties from type 'Repository': remoteUrl, healthStatus, healthError, lastHealthCheckAt, configMetadata
src/executor/__tests__/phase-handler-registry.test.ts(10,7): error TS2322: Type '{ outcome: "passed" | "failed"; }' is not assignable to type 'PhaseResult'.
  Property 'failure' is missing in type '{ outcome: "passed" | "failed"; }' but required in type '{ outcome: "failed" | "blocked" | "needs_human_review"; failure: Failure; }'.
src/executor/__tests__/run-executor-durable-resume.test.ts(199,38): error TS2345: Argument of type '{ runRepository: { insertIfNoActive: ((run: Run) => void) | Mock<Procedure>; update: ((uuid: string, patch: RunRepositoryUpdatePatch) => void) | Mock<...>; ... 6 more ...; list?: (filter?: ListRunsFilter) => { runs: RunRecord[]; total: number; }; }; ... 5 more ...; now: () => Date; }' is not assignable to parameter of type 'RunExecutorDeps'.
  Types of property 'runRepository' are incompatible.
    Type '{ insertIfNoActive: ((run: Run) => void) | Mock<Procedure>; update: ((uuid: string, patch: RunRepositoryUpdatePatch) => void) | Mock<...>; ... 6 more ...; list?: (filter?: ListRunsFilter) => { runs: RunRecord[]; total: number; }; }' is not assignable to type 'RunRepositoryPort'.
      Property 'list' is optional in type '{ insertIfNoActive: ((run: Run) => void) | Mock<Procedure>; update: ((uuid: string, patch: RunRepositoryUpdatePatch) => void) | Mock<...>; ... 6 more ...; list?: (filter?: ListRunsFilter | undefined) => { ...; }; }' but required in type 'RunRepositoryPort'.
src/executor/__tests__/run-executor-durable-resume.test.ts(298,38): error TS2345: Argument of type '{ runRepository: { insertIfNoActive: ((run: Run) => void) | Mock<Procedure>; update: ((uuid: string, patch: RunRepositoryUpdatePatch) => void) | Mock<...>; ... 6 more ...; list?: (filter?: ListRunsFilter) => { runs: RunRecord[]; total: number; }; }; ... 5 more ...; now: () => Date; }' is not assignable to parameter of type 'RunExecutorDeps'.
  Types of property 'runRepository' are incompatible.
    Type '{ insertIfNoActive: ((run: Run) => void) | Mock<Procedure>; update: ((uuid: string, patch: RunRepositoryUpdatePatch) => void) | Mock<...>; ... 6 more ...; list?: (filter?: ListRunsFilter) => { runs: RunRecord[]; total: number; }; }' is not assignable to type 'RunRepositoryPort'.
      Property 'list' is optional in type '{ insertIfNoActive: ((run: Run) => void) | Mock<Procedure>; update: ((uuid: string, patch: RunRepositoryUpdatePatch) => void) | Mock<...>; ... 6 more ...; list?: (filter?: ListRunsFilter | undefined) => { ...; }; }' but required in type 'RunRepositoryPort'.
src/executor/__tests__/run-executor.test.ts(206,38): error TS2345: Argument of type '{ runRepository: { insertIfNoActive: ((run: Run) => void) | Mock<Procedure>; update: ((uuid: string, patch: RunRepositoryUpdatePatch) => void) | Mock<...>; ... 6 more ...; list?: (filter?: ListRunsFilter) => { runs: RunRecord[]; total: number; }; }; ... 5 more ...; now: () => Date; }' is not assignable to parameter of type 'RunExecutorDeps'.
  Types of property 'runRepository' are incompatible.
    Type '{ insertIfNoActive: ((run: Run) => void) | Mock<Procedure>; update: ((uuid: string, patch: RunRepositoryUpdatePatch) => void) | Mock<...>; ... 6 more ...; list?: (filter?: ListRunsFilter) => { runs: RunRecord[]; total: number; }; }' is not assignable to type 'RunRepositoryPort'.
      Property 'list' is optional in type '{ insertIfNoActive: ((run: Run) => void) | Mock<Procedure>; update: ((uuid: string, patch: RunRepositoryUpdatePatch) => void) | Mock<...>; ... 6 more ...; list?: (filter?: ListRunsFilter | undefined) => { ...; }; }' but required in type 'RunRepositoryPort'.
src/executor/__tests__/run-executor.test.ts(236,38): error TS2345: Argument of type '{ runRepository: { insertIfNoActive: ((run: Run) => void) | Mock<Procedure>; update: ((uuid: string, patch: RunRepositoryUpdatePatch) => void) | Mock<...>; ... 6 more ...; list?: (filter?: ListRunsFilter) => { runs: RunRecord[]; total: number; }; }; ... 5 more ...; now: () => Date; }' is not assignable to parameter of type 'RunExecutorDeps'.
  Types of property 'runRepository' are incompatible.
    Type '{ insertIfNoActive: ((run: Run) => void) | Mock<Procedure>; update: ((uuid: string, patch: RunRepositoryUpdatePatch) => void) | Mock<...>; ... 6 more ...; list?: (filter?: ListRunsFilter) => { runs: RunRecord[]; total: number; }; }' is not assignable to type 'RunRepositoryPort'.
      Property 'list' is optional in type '{ insertIfNoActive: ((run: Run) => void) | Mock<Procedure>; update: ((uuid: string, patch: RunRepositoryUpdatePatch) => void) | Mock<...>; ... 6 more ...; list?: (filter?: ListRunsFilter | undefined) => { ...; }; }' but required in type 'RunRepositoryPort'.
src/executor/__tests__/run-executor.test.ts(279,38): error TS2345: Argument of type '{ runRepository: { insertIfNoActive: ((run: Run) => void) | Mock<Procedure>; update: ((uuid: string, patch: RunRepositoryUpdatePatch) => void) | Mock<...>; ... 6 more ...; list?: (filter?: ListRunsFilter) => { runs: RunRecord[]; total: number; }; }; ... 5 more ...; now: () => Date; }' is not assignable to parameter of type 'RunExecutorDeps'.
  Types of property 'runRepository' are incompatible.
    Type '{ insertIfNoActive: ((run: Run) => void) | Mock<Procedure>; update: ((uuid: string, patch: RunRepositoryUpdatePatch) => void) | Mock<...>; ... 6 more ...; list?: (filter?: ListRunsFilter) => { runs: RunRecord[]; total: number; }; }' is not assignable to type 'RunRepositoryPort'.
      Property 'list' is optional in type '{ insertIfNoActive: ((run: Run) => void) | Mock<Procedure>; update: ((uuid: string, patch: RunRepositoryUpdatePatch) => void) | Mock<...>; ... 6 more ...; list?: (filter?: ListRunsFilter | undefined) => { ...; }; }' but required in type 'RunRepositoryPort'.
src/executor/__tests__/run-executor.test.ts(327,38): error TS2345: Argument of type '{ runRepository: { insertIfNoActive: ((run: Run) => void) | Mock<Procedure>; update: ((uuid: string, patch: RunRepositoryUpdatePatch) => void) | Mock<...>; ... 6 more ...; list?: (filter?: ListRunsFilter) => { runs: RunRecord[]; total: number; }; }; ... 5 more ...; now: () => Date; }' is not assignable to parameter of type 'RunExecutorDeps'.
  Types of property 'runRepository' are incompatible.
    Type '{ insertIfNoActive: ((run: Run) => void) | Mock<Procedure>; update: ((uuid: string, patch: RunRepositoryUpdatePatch) => void) | Mock<...>; ... 6 more ...; list?: (filter?: ListRunsFilter) => { runs: RunRecord[]; total: number; }; }' is not assignable to type 'RunRepositoryPort'.
      Property 'list' is optional in type '{ insertIfNoActive: ((run: Run) => void) | Mock<Procedure>; update: ((uuid: string, patch: RunRepositoryUpdatePatch) => void) | Mock<...>; ... 6 more ...; list?: (filter?: ListRunsFilter | undefined) => { ...; }; }' but required in type 'RunRepositoryPort'.
src/executor/__tests__/run-executor.test.ts(365,38): error TS2345: Argument of type '{ runRepository: { insertIfNoActive: ((run: Run) => void) | Mock<Procedure>; update: ((uuid: string, patch: RunRepositoryUpdatePatch) => void) | Mock<...>; ... 6 more ...; list?: (filter?: ListRunsFilter) => { runs: RunRecord[]; total: number; }; }; ... 5 more ...; now: () => Date; }' is not assignable to parameter of type 'RunExecutorDeps'.
  Types of property 'runRepository' are incompatible.
    Type '{ insertIfNoActive: ((run: Run) => void) | Mock<Procedure>; update: ((uuid: string, patch: RunRepositoryUpdatePatch) => void) | Mock<...>; ... 6 more ...; list?: (filter?: ListRunsFilter) => { runs: RunRecord[]; total: number; }; }' is not assignable to type 'RunRepositoryPort'.
      Property 'list' is optional in type '{ insertIfNoActive: ((run: Run) => void) | Mock<Procedure>; update: ((uuid: string, patch: RunRepositoryUpdatePatch) => void) | Mock<...>; ... 6 more ...; list?: (filter?: ListRunsFilter | undefined) => { ...; }; }' but required in type 'RunRepositoryPort'.
src/executor/__tests__/run-executor.test.ts(404,38): error TS2345: Argument of type '{ runRepository: { insertIfNoActive: ((run: Run) => void) | Mock<Procedure>; update: ((uuid: string, patch: RunRepositoryUpdatePatch) => void) | Mock<...>; ... 6 more ...; list?: (filter?: ListRunsFilter) => { runs: RunRecord[]; total: number; }; }; ... 5 more ...; now: () => Date; }' is not assignable to parameter of type 'RunExecutorDeps'.
  Types of property 'runRepository' are incompatible.
    Type '{ insertIfNoActive: ((run: Run) => void) | Mock<Procedure>; update: ((uuid: string, patch: RunRepositoryUpdatePatch) => void) | Mock<...>; ... 6 more ...; list?: (filter?: ListRunsFilter) => { runs: RunRecord[]; total: number; }; }' is not assignable to type 'RunRepositoryPort'.
      Property 'list' is optional in type '{ insertIfNoActive: ((run: Run) => void) | Mock<Procedure>; update: ((uuid: string, patch: RunRepositoryUpdatePatch) => void) | Mock<...>; ... 6 more ...; list?: (filter?: ListRunsFilter | undefined) => { ...; }; }' but required in type 'RunRepositoryPort'.
src/executor/__tests__/run-executor.test.ts(428,38): error TS2345: Argument of type '{ runRepository: { insertIfNoActive: ((run: Run) => void) | Mock<Procedure>; update: ((uuid: string, patch: RunRepositoryUpdatePatch) => void) | Mock<...>; ... 6 more ...; list?: (filter?: ListRunsFilter) => { runs: RunRecord[]; total: number; }; }; ... 5 more ...; now: () => Date; }' is not assignable to parameter of type 'RunExecutorDeps'.
  Types of property 'runRepository' are incompatible.
    Type '{ insertIfNoActive: ((run: Run) => void) | Mock<Procedure>; update: ((uuid: string, patch: RunRepositoryUpdatePatch) => void) | Mock<...>; ... 6 more ...; list?: (filter?: ListRunsFilter) => { runs: RunRecord[]; total: number; }; }' is not assignable to type 'RunRepositoryPort'.
      Property 'list' is optional in type '{ insertIfNoActive: ((run: Run) => void) | Mock<Procedure>; update: ((uuid: string, patch: RunRepositoryUpdatePatch) => void) | Mock<...>; ... 6 more ...; list?: (filter?: ListRunsFilter | undefined) => { ...; }; }' but required in type 'RunRepositoryPort'.
src/executor/__tests__/run-executor.test.ts(446,40): error TS2345: Argument of type '{ runRepository: { insertIfNoActive: ((run: Run) => void) | Mock<Procedure>; update: ((uuid: string, patch: RunRepositoryUpdatePatch) => void) | Mock<...>; ... 6 more ...; list?: (filter?: ListRunsFilter) => { runs: RunRecord[]; total: number; }; }; ... 5 more ...; now: () => Date; }' is not assignable to parameter of type 'RunExecutorDeps'.
  Types of property 'runRepository' are incompatible.
    Type '{ insertIfNoActive: ((run: Run) => void) | Mock<Procedure>; update: ((uuid: string, patch: RunRepositoryUpdatePatch) => void) | Mock<...>; ... 6 more ...; list?: (filter?: ListRunsFilter) => { runs: RunRecord[]; total: number; }; }' is not assignable to type 'RunRepositoryPort'.
      Property 'list' is optional in type '{ insertIfNoActive: ((run: Run) => void) | Mock<Procedure>; update: ((uuid: string, patch: RunRepositoryUpdatePatch) => void) | Mock<...>; ... 6 more ...; list?: (filter?: ListRunsFilter | undefined) => { ...; }; }' but required in type 'RunRepositoryPort'.
src/executor/__tests__/run-executor.test.ts(463,40): error TS2345: Argument of type '{ runRepository: { insertIfNoActive: ((run: Run) => void) | Mock<Procedure>; update: ((uuid: string, patch: RunRepositoryUpdatePatch) => void) | Mock<...>; ... 6 more ...; list?: (filter?: ListRunsFilter) => { runs: RunRecord[]; total: number; }; }; ... 5 more ...; now: () => Date; }' is not assignable to parameter of type 'RunExecutorDeps'.
  Types of property 'runRepository' are incompatible.
    Type '{ insertIfNoActive: ((run: Run) => void) | Mock<Procedure>; update: ((uuid: string, patch: RunRepositoryUpdatePatch) => void) | Mock<...>; ... 6 more ...; list?: (filter?: ListRunsFilter) => { runs: RunRecord[]; total: number; }; }' is not assignable to type 'RunRepositoryPort'.
      Property 'list' is optional in type '{ insertIfNoActive: ((run: Run) => void) | Mock<Procedure>; update: ((uuid: string, patch: RunRepositoryUpdatePatch) => void) | Mock<...>; ... 6 more ...; list?: (filter?: ListRunsFilter | undefined) => { ...; }; }' but required in type 'RunRepositoryPort'.
src/executor/__tests__/run-executor.test.ts(480,40): error TS2345: Argument of type '{ runRepository: { insertIfNoActive: ((run: Run) => void) | Mock<Procedure>; update: ((uuid: string, patch: RunRepositoryUpdatePatch) => void) | Mock<...>; ... 6 more ...; list?: (filter?: ListRunsFilter) => { runs: RunRecord[]; total: number; }; }; ... 5 more ...; now: () => Date; }' is not assignable to parameter of type 'RunExecutorDeps'.
  Types of property 'runRepository' are incompatible.
    Type '{ insertIfNoActive: ((run: Run) => void) | Mock<Procedure>; update: ((uuid: string, patch: RunRepositoryUpdatePatch) => void) | Mock<...>; ... 6 more ...; list?: (filter?: ListRunsFilter) => { runs: RunRecord[]; total: number; }; }' is not assignable to type 'RunRepositoryPort'.
      Property 'list' is optional in type '{ insertIfNoActive: ((run: Run) => void) | Mock<Procedure>; update: ((uuid: string, patch: RunRepositoryUpdatePatch) => void) | Mock<...>; ... 6 more ...; list?: (filter?: ListRunsFilter | undefined) => { ...; }; }' but required in type 'RunRepositoryPort'.
src/executor/__tests__/run-executor.test.ts(499,38): error TS2345: Argument of type '{ runRepository: { insertIfNoActive: ((run: Run) => void) | Mock<Procedure>; update: ((uuid: string, patch: RunRepositoryUpdatePatch) => void) | Mock<...>; ... 6 more ...; list?: (filter?: ListRunsFilter) => { runs: RunRecord[]; total: number; }; }; ... 5 more ...; now: () => Date; }' is not assignable to parameter of type 'RunExecutorDeps'.
  Types of property 'runRepository' are incompatible.
    Type '{ insertIfNoActive: ((run: Run) => void) | Mock<Procedure>; update: ((uuid: string, patch: RunRepositoryUpdatePatch) => void) | Mock<...>; ... 6 more ...; list?: (filter?: ListRunsFilter) => { runs: RunRecord[]; total: number; }; }' is not assignable to type 'RunRepositoryPort'.
      Property 'list' is optional in type '{ insertIfNoActive: ((run: Run) => void) | Mock<Procedure>; update: ((uuid: string, patch: RunRepositoryUpdatePatch) => void) | Mock<...>; ... 6 more ...; list?: (filter?: ListRunsFilter | undefined) => { ...; }; }' but required in type 'RunRepositoryPort'.
src/executor/__tests__/run-executor.test.ts(522,38): error TS2345: Argument of type '{ runRepository: { insertIfNoActive: ((run: Run) => void) | Mock<Procedure>; update: ((uuid: string, patch: RunRepositoryUpdatePatch) => void) | Mock<...>; ... 6 more ...; list?: (filter?: ListRunsFilter) => { runs: RunRecord[]; total: number; }; }; ... 5 more ...; now: () => Date; }' is not assignable to parameter of type 'RunExecutorDeps'.
  Types of property 'runRepository' are incompatible.
    Type '{ insertIfNoActive: ((run: Run) => void) | Mock<Procedure>; update: ((uuid: string, patch: RunRepositoryUpdatePatch) => void) | Mock<...>; ... 6 more ...; list?: (filter?: ListRunsFilter) => { runs: RunRecord[]; total: number; }; }' is not assignable to type 'RunRepositoryPort'.
      Property 'list' is optional in type '{ insertIfNoActive: ((run: Run) => void) | Mock<Procedure>; update: ((uuid: string, patch: RunRepositoryUpdatePatch) => void) | Mock<...>; ... 6 more ...; list?: (filter?: ListRunsFilter | undefined) => { ...; }; }' but required in type 'RunRepositoryPort'.
src/executor/__tests__/run-executor.test.ts(545,38): error TS2345: Argument of type '{ runRepository: { insertIfNoActive: ((run: Run) => void) | Mock<Procedure>; update: ((uuid: string, patch: RunRepositoryUpdatePatch) => void) | Mock<...>; ... 6 more ...; list?: (filter?: ListRunsFilter) => { runs: RunRecord[]; total: number; }; }; ... 5 more ...; now: () => Date; }' is not assignable to parameter of type 'RunExecutorDeps'.
  Types of property 'runRepository' are incompatible.
    Type '{ insertIfNoActive: ((run: Run) => void) | Mock<Procedure>; update: ((uuid: string, patch: RunRepositoryUpdatePatch) => void) | Mock<...>; ... 6 more ...; list?: (filter?: ListRunsFilter) => { runs: RunRecord[]; total: number; }; }' is not assignable to type 'RunRepositoryPort'.
      Property 'list' is optional in type '{ insertIfNoActive: ((run: Run) => void) | Mock<Procedure>; update: ((uuid: string, patch: RunRepositoryUpdatePatch) => void) | Mock<...>; ... 6 more ...; list?: (filter?: ListRunsFilter | undefined) => { ...; }; }' but required in type 'RunRepositoryPort'.
src/executor/__tests__/run-executor.test.ts(576,38): error TS2345: Argument of type '{ runRepository: { insertIfNoActive: ((run: Run) => void) | Mock<Procedure>; update: ((uuid: string, patch: RunRepositoryUpdatePatch) => void) | Mock<...>; ... 6 more ...; list?: (filter?: ListRunsFilter) => { runs: RunRecord[]; total: number; }; }; ... 5 more ...; now: () => Date; }' is not assignable to parameter of type 'RunExecutorDeps'.
  Types of property 'runRepository' are incompatible.
    Type '{ insertIfNoActive: ((run: Run) => void) | Mock<Procedure>; update: ((uuid: string, patch: RunRepositoryUpdatePatch) => void) | Mock<...>; ... 6 more ...; list?: (filter?: ListRunsFilter) => { runs: RunRecord[]; total: number; }; }' is not assignable to type 'RunRepositoryPort'.
      Property 'list' is optional in type '{ insertIfNoActive: ((run: Run) => void) | Mock<Procedure>; update: ((uuid: string, patch: RunRepositoryUpdatePatch) => void) | Mock<...>; ... 6 more ...; list?: (filter?: ListRunsFilter | undefined) => { ...; }; }' but required in type 'RunRepositoryPort'.
src/executor/__tests__/run-executor.test.ts(612,38): error TS2345: Argument of type '{ runRepository: { insertIfNoActive: ((run: Run) => void) | Mock<Procedure>; update: ((uuid: string, patch: RunRepositoryUpdatePatch) => void) | Mock<...>; ... 6 more ...; list?: (filter?: ListRunsFilter) => { runs: RunRecord[]; total: number; }; }; ... 5 more ...; now: () => Date; }' is not assignable to parameter of type 'RunExecutorDeps'.
  Types of property 'runRepository' are incompatible.
    Type '{ insertIfNoActive: ((run: Run) => void) | Mock<Procedure>; update: ((uuid: string, patch: RunRepositoryUpdatePatch) => void) | Mock<...>; ... 6 more ...; list?: (filter?: ListRunsFilter) => { runs: RunRecord[]; total: number; }; }' is not assignable to type 'RunRepositoryPort'.
      Property 'list' is optional in type '{ insertIfNoActive: ((run: Run) => void) | Mock<Procedure>; update: ((uuid: string, patch: RunRepositoryUpdatePatch) => void) | Mock<...>; ... 6 more ...; list?: (filter?: ListRunsFilter | undefined) => { ...; }; }' but required in type 'RunRepositoryPort'.
src/executor/__tests__/run-executor.test.ts(627,38): error TS2345: Argument of type '{ runRepository: { insertIfNoActive: ((run: Run) => void) | Mock<Procedure>; update: ((uuid: string, patch: RunRepositoryUpdatePatch) => void) | Mock<...>; ... 6 more ...; list?: (filter?: ListRunsFilter) => { runs: RunRecord[]; total: number; }; }; ... 5 more ...; now: () => Date; }' is not assignable to parameter of type 'RunExecutorDeps'.
  Types of property 'runRepository' are incompatible.
    Type '{ insertIfNoActive: ((run: Run) => void) | Mock<Procedure>; update: ((uuid: string, patch: RunRepositoryUpdatePatch) => void) | Mock<...>; ... 6 more ...; list?: (filter?: ListRunsFilter) => { runs: RunRecord[]; total: number; }; }' is not assignable to type 'RunRepositoryPort'.
      Property 'list' is optional in type '{ insertIfNoActive: ((run: Run) => void) | Mock<Procedure>; update: ((uuid: string, patch: RunRepositoryUpdatePatch) => void) | Mock<...>; ... 6 more ...; list?: (filter?: ListRunsFilter | undefined) => { ...; }; }' but required in type 'RunRepositoryPort'.
src/executor/__tests__/run-executor.test.ts(641,38): error TS2345: Argument of type '{ runRepository: { insertIfNoActive: ((run: Run) => void) | Mock<Procedure>; update: ((uuid: string, patch: RunRepositoryUpdatePatch) => void) | Mock<...>; ... 6 more ...; list?: (filter?: ListRunsFilter) => { runs: RunRecord[]; total: number; }; }; ... 5 more ...; now: () => Date; }' is not assignable to parameter of type 'RunExecutorDeps'.
  Types of property 'runRepository' are incompatible.
    Type '{ insertIfNoActive: ((run: Run) => void) | Mock<Procedure>; update: ((uuid: string, patch: RunRepositoryUpdatePatch) => void) | Mock<...>; ... 6 more ...; list?: (filter?: ListRunsFilter) => { runs: RunRecord[]; total: number; }; }' is not assignable to type 'RunRepositoryPort'.
      Property 'list' is optional in type '{ insertIfNoActive: ((run: Run) => void) | Mock<Procedure>; update: ((uuid: string, patch: RunRepositoryUpdatePatch) => void) | Mock<...>; ... 6 more ...; list?: (filter?: ListRunsFilter | undefined) => { ...; }; }' but required in type 'RunRepositoryPort'.
src/executor/__tests__/run-executor.test.ts(700,38): error TS2345: Argument of type '{ runRepository: { insertIfNoActive: ((run: Run) => void) | Mock<Procedure>; update: ((uuid: string, patch: RunRepositoryUpdatePatch) => void) | Mock<...>; ... 6 more ...; list?: (filter?: ListRunsFilter) => { runs: RunRecord[]; total: number; }; }; ... 5 more ...; now: () => Date; }' is not assignable to parameter of type 'RunExecutorDeps'.
  Types of property 'runRepository' are incompatible.
    Type '{ insertIfNoActive: ((run: Run) => void) | Mock<Procedure>; update: ((uuid: string, patch: RunRepositoryUpdatePatch) => void) | Mock<...>; ... 6 more ...; list?: (filter?: ListRunsFilter) => { runs: RunRecord[]; total: number; }; }' is not assignable to type 'RunRepositoryPort'.
      Property 'list' is optional in type '{ insertIfNoActive: ((run: Run) => void) | Mock<Procedure>; update: ((uuid: string, patch: RunRepositoryUpdatePatch) => void) | Mock<...>; ... 6 more ...; list?: (filter?: ListRunsFilter | undefined) => { ...; }; }' but required in type 'RunRepositoryPort'.
src/executor/__tests__/run-executor.test.ts(736,38): error TS2345: Argument of type '{ runRepository: { insertIfNoActive: ((run: Run) => void) | Mock<Procedure>; update: ((uuid: string, patch: RunRepositoryUpdatePatch) => void) | Mock<...>; ... 6 more ...; list?: (filter?: ListRunsFilter) => { runs: RunRecord[]; total: number; }; }; ... 5 more ...; now: () => Date; }' is not assignable to parameter of type 'RunExecutorDeps'.
  Types of property 'runRepository' are incompatible.
    Type '{ insertIfNoActive: ((run: Run) => void) | Mock<Procedure>; update: ((uuid: string, patch: RunRepositoryUpdatePatch) => void) | Mock<...>; ... 6 more ...; list?: (filter?: ListRunsFilter) => { runs: RunRecord[]; total: number; }; }' is not assignable to type 'RunRepositoryPort'.
      Property 'list' is optional in type '{ insertIfNoActive: ((run: Run) => void) | Mock<Procedure>; update: ((uuid: string, patch: RunRepositoryUpdatePatch) => void) | Mock<...>; ... 6 more ...; list?: (filter?: ListRunsFilter | undefined) => { ...; }; }' but required in type 'RunRepositoryPort'.
src/executor/__tests__/run-executor.test.ts(777,38): error TS2345: Argument of type '{ runRepository: { insertIfNoActive: ((run: Run) => void) | Mock<Procedure>; update: ((uuid: string, patch: RunRepositoryUpdatePatch) => void) | Mock<...>; ... 6 more ...; list?: (filter?: ListRunsFilter) => { runs: RunRecord[]; total: number; }; }; ... 5 more ...; now: () => Date; }' is not assignable to parameter of type 'RunExecutorDeps'.
  Types of property 'runRepository' are incompatible.
    Type '{ insertIfNoActive: ((run: Run) => void) | Mock<Procedure>; update: ((uuid: string, patch: RunRepositoryUpdatePatch) => void) | Mock<...>; ... 6 more ...; list?: (filter?: ListRunsFilter) => { runs: RunRecord[]; total: number; }; }' is not assignable to type 'RunRepositoryPort'.
      Property 'list' is optional in type '{ insertIfNoActive: ((run: Run) => void) | Mock<Procedure>; update: ((uuid: string, patch: RunRepositoryUpdatePatch) => void) | Mock<...>; ... 6 more ...; list?: (filter?: ListRunsFilter | undefined) => { ...; }; }' but required in type 'RunRepositoryPort'.
src/executor/__tests__/run-executor.test.ts(806,38): error TS2345: Argument of type '{ runRepository: { insertIfNoActive: ((run: Run) => void) | Mock<Procedure>; update: ((uuid: string, patch: RunRepositoryUpdatePatch) => void) | Mock<...>; ... 6 more ...; list?: (filter?: ListRunsFilter) => { runs: RunRecord[]; total: number; }; }; ... 5 more ...; now: () => Date; }' is not assignable to parameter of type 'RunExecutorDeps'.
  Types of property 'runRepository' are incompatible.
    Type '{ insertIfNoActive: ((run: Run) => void) | Mock<Procedure>; update: ((uuid: string, patch: RunRepositoryUpdatePatch) => void) | Mock<...>; ... 6 more ...; list?: (filter?: ListRunsFilter) => { runs: RunRecord[]; total: number; }; }' is not assignable to type 'RunRepositoryPort'.
      Property 'list' is optional in type '{ insertIfNoActive: ((run: Run) => void) | Mock<Procedure>; update: ((uuid: string, patch: RunRepositoryUpdatePatch) => void) | Mock<...>; ... 6 more ...; list?: (filter?: ListRunsFilter | undefined) => { ...; }; }' but required in type 'RunRepositoryPort'.
src/executor/__tests__/run-executor.test.ts(873,38): error TS2345: Argument of type '{ runRepository: { insertIfNoActive: ((run: Run) => void) | Mock<Procedure>; update: ((uuid: string, patch: RunRepositoryUpdatePatch) => void) | Mock<...>; ... 6 more ...; list?: (filter?: ListRunsFilter) => { runs: RunRecord[]; total: number; }; }; ... 5 more ...; now: () => Date; }' is not assignable to parameter of type 'RunExecutorDeps'.
  Types of property 'runRepository' are incompatible.
    Type '{ insertIfNoActive: ((run: Run) => void) | Mock<Procedure>; update: ((uuid: string, patch: RunRepositoryUpdatePatch) => void) | Mock<...>; ... 6 more ...; list?: (filter?: ListRunsFilter) => { runs: RunRecord[]; total: number; }; }' is not assignable to type 'RunRepositoryPort'.
      Property 'list' is optional in type '{ insertIfNoActive: ((run: Run) => void) | Mock<Procedure>; update: ((uuid: string, patch: RunRepositoryUpdatePatch) => void) | Mock<...>; ... 6 more ...; list?: (filter?: ListRunsFilter | undefined) => { ...; }; }' but required in type 'RunRepositoryPort'.
src/executor/__tests__/run-executor.test.ts(947,38): error TS2345: Argument of type '{ runRepository: { insertIfNoActive: ((run: Run) => void) | Mock<Procedure>; update: ((uuid: string, patch: RunRepositoryUpdatePatch) => void) | Mock<...>; ... 6 more ...; list?: (filter?: ListRunsFilter) => { runs: RunRecord[]; total: number; }; }; ... 5 more ...; now: () => Date; }' is not assignable to parameter of type 'RunExecutorDeps'.
  Types of property 'runRepository' are incompatible.
    Type '{ insertIfNoActive: ((run: Run) => void) | Mock<Procedure>; update: ((uuid: string, patch: RunRepositoryUpdatePatch) => void) | Mock<...>; ... 6 more ...; list?: (filter?: ListRunsFilter) => { runs: RunRecord[]; total: number; }; }' is not assignable to type 'RunRepositoryPort'.
      Property 'list' is optional in type '{ insertIfNoActive: ((run: Run) => void) | Mock<Procedure>; update: ((uuid: string, patch: RunRepositoryUpdatePatch) => void) | Mock<...>; ... 6 more ...; list?: (filter?: ListRunsFilter | undefined) => { ...; }; }' but required in type 'RunRepositoryPort'.
src/executor/__tests__/worker-loop.test.ts(25,5): error TS2739: Type '{ id: RepositoryId; owner: string; name: string; fullName: string; defaultBranch: string; localBasePath: string; enabled: true; maxConcurrentRuns: 1; createdAt: Date; updatedAt: Date; }' is missing the following properties from type 'Repository': remoteUrl, healthStatus, healthError, lastHealthCheckAt, configMetadata
src/executor/__tests__/worker-loop.test.ts(37,5): error TS2739: Type '{ id: RepositoryId; owner: string; name: string; fullName: string; defaultBranch: string; localBasePath: string; enabled: true; maxConcurrentRuns: 1; createdAt: Date; updatedAt: Date; }' is missing the following properties from type 'Repository': remoteUrl, healthStatus, healthError, lastHealthCheckAt, configMetadata
src/implement-step/__tests__/implement-step-loop.test.ts(35,5): error TS2322: Type '() => Promise<string | undefined>' is not assignable to type '(cwd: string) => Promise<string>'.
  Type 'Promise<string | undefined>' is not assignable to type 'Promise<string>'.
    Type 'string | undefined' is not assignable to type 'string'.
      Type 'undefined' is not assignable to type 'string'.
src/implement-step/__tests__/implement-step-loop.test.ts(98,3): error TS2375: Type '{ runImplement: (ctx: StepLoopContext, opts?: ImplementStepOptions) => Promise<ImplementResult>; runTypecheck: (ctx: StepLoopContext) => Promise<TypecheckResult>; runSpecReview: (ctx: StepLoopContext, tcResult: TypecheckResult, scope: ReviewScopeOptions) => Promise<SpecReviewResult>; ... 20 more ...; reviewStateRepo...' is not assignable to type 'ImplementStepLoopDeps' with 'exactOptionalPropertyTypes: true'. Consider adding 'undefined' to the types of the target's properties.
  Types of property 'git' are incompatible.
    Type 'GitPort | undefined' is not assignable to type 'GitPort'.
      Type 'undefined' is not assignable to type 'GitPort'.
src/implement-step/__tests__/implement-step-loop.test.ts(400,7): error TS2322: Type '(_ctx: StepLoopContext, opts: FixStepOptions) => Promise<{ invocationId: string; agentOutcome: "failed" | "success"; verdict: "done_with_fixes" | undefined; }>' is not assignable to type '(ctx: StepLoopContext, opts: ImplementFixStepOptions) => Promise<FixResult>'.
  Type 'Promise<{ invocationId: string; agentOutcome: "failed" | "success"; verdict: "done_with_fixes" | undefined; }>' is not assignable to type 'Promise<FixResult>'.
    Type '{ invocationId: string; agentOutcome: "failed" | "success"; verdict: "done_with_fixes" | undefined; }' is not assignable to type 'FixResult' with 'exactOptionalPropertyTypes: true'. Consider adding 'undefined' to the types of the target's properties.
      Types of property 'verdict' are incompatible.
        Type '"done_with_fixes" | undefined' is not assignable to type '"done_with_fixes" | "cannot_fix" | "done_no_fixes_needed"'.
          Type 'undefined' is not assignable to type '"done_with_fixes" | "cannot_fix" | "done_no_fixes_needed"'.
src/implement-step/__tests__/implement-step-loop.test.ts(564,27): error TS2379: Argument of type '{ events: EventBusPort; fixFallbackProfile: undefined; runSpecReview: (_ctx: StepLoopContext, _tcResult: TypecheckResult) => Promise<{ invocationId: string; agentOutcome: "success"; verdict: "fail"; }>; runFix: () => Promise<...>; }' is not assignable to parameter of type 'Partial<ImplementStepLoopDeps>' with 'exactOptionalPropertyTypes: true'. Consider adding 'undefined' to the types of the target's properties.
  Types of property 'fixFallbackProfile' are incompatible.
    Type 'undefined' is not assignable to type 'AgentProfileName'.
      Type 'undefined' is not assignable to type 'string'.
src/implement-step/__tests__/implement-step-loop.test.ts(1456,29): error TS2379: Argument of type '{ events: EventBusPort; runArbiter: undefined; runSpecReview: (_ctx: StepLoopContext, _tcResult: TypecheckResult) => Promise<{ invocationId: string; agentOutcome: "success"; verdict: "fail"; }>; runFix: () => Promise<...>; }' is not assignable to parameter of type 'Partial<ImplementStepLoopDeps>' with 'exactOptionalPropertyTypes: true'. Consider adding 'undefined' to the types of the target's properties.
  Types of property 'runArbiter' are incompatible.
    Type 'undefined' is not assignable to type '(ctx: StepLoopContext, tcResult: TypecheckResult, fixResult: FixResult) => Promise<ArbiterResult>'.
src/implement-step/__tests__/implement-step-loop.test.ts(1549,29): error TS2379: Argument of type '{ events: EventBusPort; runSpecReview: (_ctx: StepLoopContext, _tcResult: TypecheckResult) => Promise<{ invocationId: string; agentOutcome: "success"; verdict: "fail"; }>; runFix: () => Promise<...>; runArbiter: undefined; }' is not assignable to parameter of type 'Partial<ImplementStepLoopDeps>' with 'exactOptionalPropertyTypes: true'. Consider adding 'undefined' to the types of the target's properties.
  Types of property 'runArbiter' are incompatible.
    Type 'undefined' is not assignable to type '(ctx: StepLoopContext, tcResult: TypecheckResult, fixResult: FixResult) => Promise<ArbiterResult>'.
src/implement-step/__tests__/implement-step-loop.test.ts(1642,9): error TS2322: Type '(_ctx: StepLoopContext, _opts: FixStepOptions) => Promise<{ invocationId: string; agentOutcome: "success"; verdict: "done_with_fixes" | "done_no_fixes_needed"; rebuttal: string | undefined; }>' is not assignable to type '(ctx: StepLoopContext, opts: ImplementFixStepOptions) => Promise<FixResult>'.
  Type 'Promise<{ invocationId: string; agentOutcome: "success"; verdict: "done_with_fixes" | "done_no_fixes_needed"; rebuttal: string | undefined; }>' is not assignable to type 'Promise<FixResult>'.
    Type '{ invocationId: string; agentOutcome: "success"; verdict: "done_with_fixes" | "done_no_fixes_needed"; rebuttal: string | undefined; }' is not assignable to type 'FixResult' with 'exactOptionalPropertyTypes: true'. Consider adding 'undefined' to the types of the target's properties.
      Types of property 'rebuttal' are incompatible.
        Type 'string | undefined' is not assignable to type 'string'.
          Type 'undefined' is not assignable to type 'string'.
src/implement-step/__tests__/implement-step-loop.test.ts(1685,9): error TS2322: Type '(_ctx: StepLoopContext, opts: FixStepOptions) => Promise<{ invocationId: string; agentOutcome: "success"; verdict: "done_with_fixes" | "done_no_fixes_needed"; rebuttal: string | undefined; }>' is not assignable to type '(ctx: StepLoopContext, opts: ImplementFixStepOptions) => Promise<FixResult>'.
  Type 'Promise<{ invocationId: string; agentOutcome: "success"; verdict: "done_with_fixes" | "done_no_fixes_needed"; rebuttal: string | undefined; }>' is not assignable to type 'Promise<FixResult>'.
    Type '{ invocationId: string; agentOutcome: "success"; verdict: "done_with_fixes" | "done_no_fixes_needed"; rebuttal: string | undefined; }' is not assignable to type 'FixResult' with 'exactOptionalPropertyTypes: true'. Consider adding 'undefined' to the types of the target's properties.
      Types of property 'rebuttal' are incompatible.
        Type 'string | undefined' is not assignable to type 'string'.
          Type 'undefined' is not assignable to type 'string'.
src/implement-step/__tests__/implement-step-loop.test.ts(2205,61): error TS2345: Argument of type '{ runId: RunId; phaseId: PhaseName; repoId: string; cwd: string; stepIndex: number; stepTitle: string; maxIterations: number; }' is not assignable to parameter of type 'ImplementStepLoopInput'.
  Type '{ runId: RunId; phaseId: PhaseName; repoId: string; cwd: string; stepIndex: number; stepTitle: string; maxIterations: number; }' is missing the following properties from type 'ImplementStepLoopInput': manifest, planMd
src/implement-step/__tests__/implement-step-loop.test.ts(2241,49): error TS2345: Argument of type '{ runId: RunId; phaseId: PhaseName; repoId: string; cwd: string; stepIndex: number; stepTitle: string; maxIterations: number; }' is not assignable to parameter of type 'ImplementStepLoopInput'.
  Type '{ runId: RunId; phaseId: PhaseName; repoId: string; cwd: string; stepIndex: number; stepTitle: string; maxIterations: number; }' is missing the following properties from type 'ImplementStepLoopInput': manifest, planMd
src/implement-step/__tests__/implement-step-loop.test.ts(2272,49): error TS2345: Argument of type '{ runId: RunId; phaseId: PhaseName; repoId: string; cwd: string; stepIndex: number; stepTitle: string; maxIterations: number; }' is not assignable to parameter of type 'ImplementStepLoopInput'.
  Type '{ runId: RunId; phaseId: PhaseName; repoId: string; cwd: string; stepIndex: number; stepTitle: string; maxIterations: number; }' is missing the following properties from type 'ImplementStepLoopInput': manifest, planMd
src/implement-step/__tests__/implement-step-loop.test.ts(2576,29): error TS2379: Argument of type '{ events: EventBusPort; runSpecReview: (_ctx: StepLoopContext, _tcResult: TypecheckResult) => Promise<{ invocationId: string; agentOutcome: "success"; verdict: "fail"; }>; runQualityReview: (_ctx: StepLoopContext, _tcResult: TypecheckResult) => Promise<...>; runFix: () => Promise<...>; runFinalReviewArbiter: undefin...' is not assignable to parameter of type 'Partial<ImplementStepLoopDeps>' with 'exactOptionalPropertyTypes: true'. Consider adding 'undefined' to the types of the target's properties.
  Types of property 'runFinalReviewArbiter' are incompatible.
    Type 'undefined' is not assignable to type '(ctx: StepLoopContext, tcResult: TypecheckResult, specReview: SpecReviewResult, qualityReview: QualityReviewResult) => Promise<...>'.
src/implement-step/__tests__/implement-step-loop.test.ts(3016,62): error TS2345: Argument of type '{ runId: RunId; phaseId: PhaseName; repoId: string; cwd: string; stepIndex: number; stepTitle: string; maxIterations: number; }' is not assignable to parameter of type 'ImplementStepLoopInput'.
  Type '{ runId: RunId; phaseId: PhaseName; repoId: string; cwd: string; stepIndex: number; stepTitle: string; maxIterations: number; }' is missing the following properties from type 'ImplementStepLoopInput': manifest, planMd
src/implement-step/__tests__/implement-step-loop.test.ts(3022,12): error TS2532: Object is possibly 'undefined'.
src/implement-step/__tests__/implement-step-loop.test.ts(3058,62): error TS2345: Argument of type '{ maxIterations: number; runId: RunId; phaseId: PhaseName; repoId: string; cwd: string; stepIndex: number; stepTitle: string; }' is not assignable to parameter of type 'ImplementStepLoopInput'.
  Type '{ maxIterations: number; runId: RunId; phaseId: PhaseName; repoId: string; cwd: string; stepIndex: number; stepTitle: string; }' is missing the following properties from type 'ImplementStepLoopInput': manifest, planMd
src/implement-step/__tests__/implement-step-loop.test.ts(3062,12): error TS2532: Object is possibly 'undefined'.
src/implement-step/__tests__/implement-step-loop.test.ts(3097,62): error TS2345: Argument of type '{ maxIterations: number; runId: RunId; phaseId: PhaseName; repoId: string; cwd: string; stepIndex: number; stepTitle: string; }' is not assignable to parameter of type 'ImplementStepLoopInput'.
  Type '{ maxIterations: number; runId: RunId; phaseId: PhaseName; repoId: string; cwd: string; stepIndex: number; stepTitle: string; }' is missing the following properties from type 'ImplementStepLoopInput': manifest, planMd
src/implement-step/__tests__/implement-step-loop.test.ts(3101,12): error TS2532: Object is possibly 'undefined'.
src/implement-step/__tests__/implement-step-loop.test.ts(3137,62): error TS2345: Argument of type '{ runId: RunId; phaseId: PhaseName; repoId: string; cwd: string; stepIndex: number; stepTitle: string; maxIterations: number; }' is not assignable to parameter of type 'ImplementStepLoopInput'.
  Type '{ runId: RunId; phaseId: PhaseName; repoId: string; cwd: string; stepIndex: number; stepTitle: string; maxIterations: number; }' is missing the following properties from type 'ImplementStepLoopInput': manifest, planMd
src/implement-step/__tests__/implement-step-loop.test.ts(3140,12): error TS2532: Object is possibly 'undefined'.
src/implement-step/__tests__/implement-step-loop.test.ts(3152,5): error TS2322: Type '() => Promise<string | undefined>' is not assignable to type '(cwd: string) => Promise<string>'.
  Type 'Promise<string | undefined>' is not assignable to type 'Promise<string>'.
    Type 'string | undefined' is not assignable to type 'string'.
      Type 'undefined' is not assignable to type 'string'.
src/implement-step/__tests__/implement-step-loop.test.ts(3167,7): error TS2322: Type '(ctx: StepLoopContext, opts: ImplementFixStepOptions) => Promise<{ invocationId: string; agentOutcome: "success"; verdict: "done_with_fixes"; headBeforeFix: string | undefined; }>' is not assignable to type '(ctx: StepLoopContext, opts: ImplementFixStepOptions) => Promise<FixResult>'.
  Type 'Promise<{ invocationId: string; agentOutcome: "success"; verdict: "done_with_fixes"; headBeforeFix: string | undefined; }>' is not assignable to type 'Promise<FixResult>'.
    Type '{ invocationId: string; agentOutcome: "success"; verdict: "done_with_fixes"; headBeforeFix: string | undefined; }' is not assignable to type 'FixResult' with 'exactOptionalPropertyTypes: true'. Consider adding 'undefined' to the types of the target's properties.
      Types of property 'headBeforeFix' are incompatible.
        Type 'string | undefined' is not assignable to type 'string'.
          Type 'undefined' is not assignable to type 'string'.
src/implement-step/__tests__/implement-step-loop.test.ts(3181,47): error TS2345: Argument of type '{ maxIterations: number; runId: RunId; phaseId: PhaseName; repoId: string; cwd: string; stepIndex: number; stepTitle: string; }' is not assignable to parameter of type 'ImplementStepLoopInput'.
  Type '{ maxIterations: number; runId: RunId; phaseId: PhaseName; repoId: string; cwd: string; stepIndex: number; stepTitle: string; }' is missing the following properties from type 'ImplementStepLoopInput': manifest, planMd
src/implement-step/__tests__/implement-step-loop.test.ts(3187,12): error TS2532: Object is possibly 'undefined'.
src/implement-step/__tests__/implement-step-loop.test.ts(3188,12): error TS2532: Object is possibly 'undefined'.
src/implement-step/__tests__/implement-step-loop.test.ts(3189,12): error TS2532: Object is possibly 'undefined'.
src/implement-step/__tests__/implement-step-loop.test.ts(3190,12): error TS2532: Object is possibly 'undefined'.
src/implement-step/__tests__/implement-step-loop.test.ts(3191,12): error TS2532: Object is possibly 'undefined'.
src/implement-step/__tests__/implement-step-loop.test.ts(3192,12): error TS2532: Object is possibly 'undefined'.
src/implement-step/__tests__/implement-step-loop.test.ts(3210,37): error TS2322: Type 'Promise<string | undefined>' is not assignable to type 'Promise<string>'.
  Type 'string | undefined' is not assignable to type 'string'.
    Type 'undefined' is not assignable to type 'string'.
src/implement-step/__tests__/implement-step-loop.test.ts(3222,7): error TS2322: Type '(ctx: StepLoopContext, opts: ImplementFixStepOptions) => Promise<{ invocationId: string; agentOutcome: "success"; verdict: "done_with_fixes"; headBeforeFix: string | undefined; }>' is not assignable to type '(ctx: StepLoopContext, opts: ImplementFixStepOptions) => Promise<FixResult>'.
  Type 'Promise<{ invocationId: string; agentOutcome: "success"; verdict: "done_with_fixes"; headBeforeFix: string | undefined; }>' is not assignable to type 'Promise<FixResult>'.
    Type '{ invocationId: string; agentOutcome: "success"; verdict: "done_with_fixes"; headBeforeFix: string | undefined; }' is not assignable to type 'FixResult' with 'exactOptionalPropertyTypes: true'. Consider adding 'undefined' to the types of the target's properties.
      Types of property 'headBeforeFix' are incompatible.
        Type 'string | undefined' is not assignable to type 'string'.
          Type 'undefined' is not assignable to type 'string'.
src/implement-step/__tests__/implement-step-loop.test.ts(3236,47): error TS2345: Argument of type '{ maxIterations: number; runId: RunId; phaseId: PhaseName; repoId: string; cwd: string; stepIndex: number; stepTitle: string; }' is not assignable to parameter of type 'ImplementStepLoopInput'.
  Type '{ maxIterations: number; runId: RunId; phaseId: PhaseName; repoId: string; cwd: string; stepIndex: number; stepTitle: string; }' is missing the following properties from type 'ImplementStepLoopInput': manifest, planMd
src/implement-step/__tests__/implement-step-loop.test.ts(3242,12): error TS2532: Object is possibly 'undefined'.
src/implement-step/__tests__/implement-step-loop.test.ts(3243,12): error TS2532: Object is possibly 'undefined'.
src/implement-step/__tests__/implement-step-loop.test.ts(3244,12): error TS2532: Object is possibly 'undefined'.
src/implement-step/__tests__/implement-step-loop.test.ts(3263,37): error TS2322: Type 'Promise<string | undefined>' is not assignable to type 'Promise<string>'.
  Type 'string | undefined' is not assignable to type 'string'.
    Type 'undefined' is not assignable to type 'string'.
src/implement-step/__tests__/implement-step-loop.test.ts(3275,7): error TS2322: Type '(ctx: StepLoopContext, opts: ImplementFixStepOptions) => Promise<{ invocationId: string; agentOutcome: "success"; verdict: "cannot_fix"; headBeforeFix?: never; } | { ...; }>' is not assignable to type '(ctx: StepLoopContext, opts: ImplementFixStepOptions) => Promise<FixResult>'.
  Type 'Promise<{ invocationId: string; agentOutcome: "success"; verdict: "cannot_fix"; headBeforeFix?: never; } | { invocationId: string; agentOutcome: "success"; verdict: "done_with_fixes"; headBeforeFix: string | undefined; }>' is not assignable to type 'Promise<FixResult>'.
    Type '{ invocationId: string; agentOutcome: "success"; verdict: "cannot_fix"; headBeforeFix?: never; } | { invocationId: string; agentOutcome: "success"; verdict: "done_with_fixes"; headBeforeFix: string | undefined; }' is not assignable to type 'FixResult' with 'exactOptionalPropertyTypes: true'. Consider adding 'undefined' to the types of the target's properties.
      Type '{ invocationId: string; agentOutcome: "success"; verdict: "done_with_fixes"; headBeforeFix: string | undefined; }' is not assignable to type 'FixResult' with 'exactOptionalPropertyTypes: true'. Consider adding 'undefined' to the types of the target's properties.
        Types of property 'headBeforeFix' are incompatible.
          Type 'string | undefined' is not assignable to type 'string'.
            Type 'undefined' is not assignable to type 'string'.
src/implement-step/__tests__/implement-step-loop.test.ts(3296,63): error TS2345: Argument of type '{ maxIterations: number; runId: RunId; phaseId: PhaseName; repoId: string; cwd: string; stepIndex: number; stepTitle: string; }' is not assignable to parameter of type 'ImplementStepLoopInput'.
  Type '{ maxIterations: number; runId: RunId; phaseId: PhaseName; repoId: string; cwd: string; stepIndex: number; stepTitle: string; }' is missing the following properties from type 'ImplementStepLoopInput': manifest, planMd
src/implement-step/__tests__/implement-step-loop.test.ts(3317,37): error TS2322: Type 'Promise<string | undefined>' is not assignable to type 'Promise<string>'.
  Type 'string | undefined' is not assignable to type 'string'.
    Type 'undefined' is not assignable to type 'string'.
src/implement-step/__tests__/implement-step-loop.test.ts(3333,7): error TS2322: Type '(ctx: StepLoopContext, opts: ImplementFixStepOptions) => Promise<{ invocationId: string; agentOutcome: "success"; verdict: "done_with_fixes"; headBeforeFix: string | undefined; }>' is not assignable to type '(ctx: StepLoopContext, opts: ImplementFixStepOptions) => Promise<FixResult>'.
  Type 'Promise<{ invocationId: string; agentOutcome: "success"; verdict: "done_with_fixes"; headBeforeFix: string | undefined; }>' is not assignable to type 'Promise<FixResult>'.
    Type '{ invocationId: string; agentOutcome: "success"; verdict: "done_with_fixes"; headBeforeFix: string | undefined; }' is not assignable to type 'FixResult' with 'exactOptionalPropertyTypes: true'. Consider adding 'undefined' to the types of the target's properties.
      Types of property 'headBeforeFix' are incompatible.
        Type 'string | undefined' is not assignable to type 'string'.
          Type 'undefined' is not assignable to type 'string'.
src/implement-step/__tests__/implement-step-loop.test.ts(3347,62): error TS2345: Argument of type '{ maxIterations: number; runId: RunId; phaseId: PhaseName; repoId: string; cwd: string; stepIndex: number; stepTitle: string; }' is not assignable to parameter of type 'ImplementStepLoopInput'.
  Type '{ maxIterations: number; runId: RunId; phaseId: PhaseName; repoId: string; cwd: string; stepIndex: number; stepTitle: string; }' is missing the following properties from type 'ImplementStepLoopInput': manifest, planMd
src/implement-step/__tests__/implement-step-loop.test.ts(3392,62): error TS2345: Argument of type '{ runId: RunId; phaseId: PhaseName; repoId: string; cwd: string; stepIndex: number; stepTitle: string; maxIterations: number; }' is not assignable to parameter of type 'ImplementStepLoopInput'.
  Type '{ runId: RunId; phaseId: PhaseName; repoId: string; cwd: string; stepIndex: number; stepTitle: string; maxIterations: number; }' is missing the following properties from type 'ImplementStepLoopInput': manifest, planMd
src/implement-step/__tests__/implement-step-loop.test.ts(3396,12): error TS2532: Object is possibly 'undefined'.
src/implement-step/__tests__/implement-step-loop.test.ts(3422,47): error TS2345: Argument of type '{ maxIterations: number; runId: RunId; phaseId: PhaseName; repoId: string; cwd: string; stepIndex: number; stepTitle: string; }' is not assignable to parameter of type 'ImplementStepLoopInput'.
  Type '{ maxIterations: number; runId: RunId; phaseId: PhaseName; repoId: string; cwd: string; stepIndex: number; stepTitle: string; }' is missing the following properties from type 'ImplementStepLoopInput': manifest, planMd
src/implement-step/__tests__/implement-step-loop.test.ts(3428,12): error TS2532: Object is possibly 'undefined'.
src/implement-step/__tests__/implement-step-loop.test.ts(3429,12): error TS2532: Object is possibly 'undefined'.
src/implement-step/__tests__/implement-step-loop.test.ts(3430,12): error TS2532: Object is possibly 'undefined'.
src/implement-step/__tests__/implement-step-loop.test.ts(3431,12): error TS2532: Object is possibly 'undefined'.
src/implement-step/__tests__/implement-step-loop.test.ts(3432,12): error TS2532: Object is possibly 'undefined'.
src/implement-step/__tests__/implement-step-loop.test.ts(3448,37): error TS2322: Type 'Promise<string | undefined>' is not assignable to type 'Promise<string>'.
  Type 'string | undefined' is not assignable to type 'string'.
    Type 'undefined' is not assignable to type 'string'.
src/implement-step/__tests__/implement-step-loop.test.ts(3460,7): error TS2322: Type '(ctx: StepLoopContext, opts: ImplementFixStepOptions) => Promise<{ invocationId: string; agentOutcome: "success"; verdict: "cannot_fix"; headBeforeFix?: never; } | { ...; }>' is not assignable to type '(ctx: StepLoopContext, opts: ImplementFixStepOptions) => Promise<FixResult>'.
  Type 'Promise<{ invocationId: string; agentOutcome: "success"; verdict: "cannot_fix"; headBeforeFix?: never; } | { invocationId: string; agentOutcome: "success"; verdict: "done_with_fixes"; headBeforeFix: string | undefined; }>' is not assignable to type 'Promise<FixResult>'.
    Type '{ invocationId: string; agentOutcome: "success"; verdict: "cannot_fix"; headBeforeFix?: never; } | { invocationId: string; agentOutcome: "success"; verdict: "done_with_fixes"; headBeforeFix: string | undefined; }' is not assignable to type 'FixResult' with 'exactOptionalPropertyTypes: true'. Consider adding 'undefined' to the types of the target's properties.
      Type '{ invocationId: string; agentOutcome: "success"; verdict: "done_with_fixes"; headBeforeFix: string | undefined; }' is not assignable to type 'FixResult' with 'exactOptionalPropertyTypes: true'. Consider adding 'undefined' to the types of the target's properties.
        Types of property 'headBeforeFix' are incompatible.
          Type 'string | undefined' is not assignable to type 'string'.
            Type 'undefined' is not assignable to type 'string'.
src/implement-step/__tests__/implement-step-loop.test.ts(3481,47): error TS2345: Argument of type '{ maxIterations: number; runId: RunId; phaseId: PhaseName; repoId: string; cwd: string; stepIndex: number; stepTitle: string; }' is not assignable to parameter of type 'ImplementStepLoopInput'.
  Type '{ maxIterations: number; runId: RunId; phaseId: PhaseName; repoId: string; cwd: string; stepIndex: number; stepTitle: string; }' is missing the following properties from type 'ImplementStepLoopInput': manifest, planMd
src/implement-step/__tests__/implement-step-loop.test.ts(3487,12): error TS2532: Object is possibly 'undefined'.
src/implement-step/__tests__/implement-step-loop.test.ts(3488,12): error TS2532: Object is possibly 'undefined'.
src/implement-step/__tests__/implement-step-loop.test.ts(3489,12): error TS2532: Object is possibly 'undefined'.
src/implement-step/__tests__/implement-step-loop.test.ts(3490,12): error TS2532: Object is possibly 'undefined'.
src/implement-step/__tests__/implement-step-loop.test.ts(3491,12): error TS2532: Object is possibly 'undefined'.
src/implement-step/__tests__/implement-step-loop.test.ts(3493,12): error TS2532: Object is possibly 'undefined'.
src/implement-step/__tests__/implement-step-loop.test.ts(3494,12): error TS2532: Object is possibly 'undefined'.
src/implement-step/__tests__/implement-step-loop.test.ts(3495,12): error TS2532: Object is possibly 'undefined'.
src/implement-step/__tests__/implement-step-loop.test.ts(3496,12): error TS2532: Object is possibly 'undefined'.
src/implement-step/__tests__/implement-step-loop.test.ts(3497,12): error TS2532: Object is possibly 'undefined'.
src/implement-step/__tests__/implement-step-loop.test.ts(3799,27): error TS2379: Argument of type '{ events: EventBusPort; runSpecReview: () => Promise<{ invocationId: string; agentOutcome: "success"; verdict: "fail"; }>; terminalFixProfile: undefined; }' is not assignable to parameter of type 'Partial<ImplementStepLoopDeps>' with 'exactOptionalPropertyTypes: true'. Consider adding 'undefined' to the types of the target's properties.
  Types of property 'terminalFixProfile' are incompatible.
    Type 'undefined' is not assignable to type 'AgentProfileName'.
      Type 'undefined' is not assignable to type 'string'.
src/implement-step/implement-step-loop.ts(2267,10): error TS2488: Type '{}' must have a '[Symbol.iterator]()' method that returns an iterator.
src/phases/__tests__/handler.test.ts(14,5): error TS2322: Type '() => Promise<void>' is not assignable to type '(input: WriteArtifactInput) => Promise<Artifact>'.
  Type 'Promise<void>' is not assignable to type 'Promise<Artifact>'.
    Type 'void' is not assignable to type 'Artifact'.
src/phases/__tests__/handler.test.ts(27,36): error TS2322: Type 'Promise<{ number: number; url: string; headRef: string; baseRef: string; title: string; body: string; }>' is not assignable to type 'Promise<PullRequest>'.
  Property 'state' is missing in type '{ number: number; url: string; headRef: string; baseRef: string; title: string; body: string; }' but required in type 'PullRequest'.
src/phases/__tests__/handler.test.ts(50,3): error TS2739: Type '{ createWorktree: () => Promise<void>; removeWorktree: () => Promise<void>; currentBranch: () => Promise<string>; headCommitSha: () => Promise<string>; ... 8 more ...; cleanUntracked: () => Promise<...>; }' is missing the following properties from type 'GitPort': diffStat, addAll, status, resetWorktreeIfClean
src/phases/__tests__/handler.test.ts(90,42): error TS2345: Argument of type '{ runId: string; runUuid: string; repoFullName: string; issueNumber: number; cwd: string; artifacts: { read: () => Promise<string>; write: () => Promise<void>; list: () => Promise<never[]>; }; ... 4 more ...; now: () => Date; }' is not assignable to parameter of type 'Omit<PhaseHandlerContext, "promptsRoot" | "startCommitSha" | "expectedBranch" | "baseBranch" | "resolveProfile" | "idFactory">'.
  The types returned by 'artifacts.write(...)' are incompatible between these types.
    Type 'Promise<void>' is not assignable to type 'Promise<Artifact>'.
      Type 'void' is not assignable to type 'Artifact'.
src/phases/__tests__/handler.test.ts(105,42): error TS2345: Argument of type '{ runId: string; runUuid: string; repoFullName: string; issueNumber: number; cwd: string; artifacts: { read: () => Promise<string>; write: () => Promise<void>; list: () => Promise<never[]>; }; ... 4 more ...; now: () => Date; }' is not assignable to parameter of type 'Omit<PhaseHandlerContext, "promptsRoot" | "startCommitSha" | "expectedBranch" | "baseBranch" | "resolveProfile" | "idFactory">'.
  The types returned by 'artifacts.write(...)' are incompatible between these types.
    Type 'Promise<void>' is not assignable to type 'Promise<Artifact>'.
      Type 'void' is not assignable to type 'Artifact'.
src/phases/__tests__/handler.test.ts(116,42): error TS2345: Argument of type '{ runId: string; runUuid: string; repoFullName: string; issueNumber: number; cwd: string; artifacts: { read: () => Promise<string>; write: () => Promise<void>; list: () => Promise<never[]>; }; ... 4 more ...; now: () => Date; }' is not assignable to parameter of type 'Omit<PhaseHandlerContext, "promptsRoot" | "startCommitSha" | "expectedBranch" | "baseBranch" | "resolveProfile" | "idFactory">'.
  The types returned by 'artifacts.write(...)' are incompatible between these types.
    Type 'Promise<void>' is not assignable to type 'Promise<Artifact>'.
      Type 'void' is not assignable to type 'Artifact'.
src/phases/__tests__/handler.test.ts(133,42): error TS2345: Argument of type '{ runId: string; runUuid: string; repoFullName: string; issueNumber: number; cwd: string; artifacts: { read: () => Promise<string>; write: () => Promise<void>; list: () => Promise<never[]>; }; ... 4 more ...; now: () => Date; }' is not assignable to parameter of type 'Omit<PhaseHandlerContext, "promptsRoot" | "startCommitSha" | "expectedBranch" | "baseBranch" | "resolveProfile" | "idFactory">'.
  The types returned by 'artifacts.write(...)' are incompatible between these types.
    Type 'Promise<void>' is not assignable to type 'Promise<Artifact>'.
      Type 'void' is not assignable to type 'Artifact'.
src/phases/__tests__/handler.test.ts(145,42): error TS2345: Argument of type '{ runId: string; runUuid: string; repoFullName: string; issueNumber: number; cwd: string; artifacts: { read: () => Promise<string>; write: () => Promise<void>; list: () => Promise<never[]>; }; ... 4 more ...; now: () => Date; }' is not assignable to parameter of type 'Omit<PhaseHandlerContext, "promptsRoot" | "startCommitSha" | "expectedBranch" | "baseBranch" | "resolveProfile" | "idFactory">'.
  The types returned by 'artifacts.write(...)' are incompatible between these types.
    Type 'Promise<void>' is not assignable to type 'Promise<Artifact>'.
      Type 'void' is not assignable to type 'Artifact'.
src/phases/__tests__/handler.test.ts(155,30): error TS2345: Argument of type '{ runId: string; runUuid: string; repoFullName: string; issueNumber: number; cwd: string; artifacts: { read: () => Promise<string>; write: () => Promise<void>; list: () => Promise<never[]>; }; ... 4 more ...; now: () => Date; }' is not assignable to parameter of type 'Omit<PhaseHandlerContext, "promptsRoot" | "startCommitSha" | "expectedBranch" | "baseBranch" | "resolveProfile" | "idFactory">'.
  The types returned by 'artifacts.write(...)' are incompatible between these types.
    Type 'Promise<void>' is not assignable to type 'Promise<Artifact>'.
      Type 'void' is not assignable to type 'Artifact'.
src/phases/__tests__/phase-definitions.test.ts(103,7): error TS7053: Element implicitly has an 'any' type because expression of type '"plan-write"' can't be used to index type 'Record<PhaseName, PhaseDefinition>'.
  Property 'plan-write' does not exist on type 'Record<PhaseName, PhaseDefinition>'.
src/phases/__tests__/phase-definitions.test.ts(118,7): error TS7053: Element implicitly has an 'any' type because expression of type '"plan-design"' can't be used to index type 'Record<PhaseName, PhaseDefinition>'.
  Property 'plan-design' does not exist on type 'Record<PhaseName, PhaseDefinition>'.
src/phases/__tests__/phase-definitions.test.ts(119,7): error TS7053: Element implicitly has an 'any' type because expression of type '"plan-write"' can't be used to index type 'Record<PhaseName, PhaseDefinition>'.
  Property 'plan-write' does not exist on type 'Record<PhaseName, PhaseDefinition>'.
src/phases/__tests__/plan-tasks.test.ts(275,21): error TS2339: Property 'error' does not exist on type 'PlanTaskListValidationResult'.
  Property 'error' does not exist on type '{ success: true; manifest?: objectOutputType<{ version: ZodLiteral<1>; task_count: ZodNumber; tasks: ZodArray<ZodObject<{ n: ZodNumber; title: ZodString; files: ZodOptional<ZodNullable<ZodArray<ZodString, "many">>>; validation: ZodOptional<...>; }, "passthrough", ZodTypeAny, objectOutputType<...>, objectInputType<.....'.
src/phases/__tests__/plan-tasks.test.ts(703,42): error TS2345: Argument of type '{ version: number; task_count: number; tasks: { n: number; title: string; }[]; }' is not assignable to parameter of type 'objectOutputType<{ version: ZodLiteral<1>; task_count: ZodNumber; tasks: ZodArray<ZodObject<{ n: ZodNumber; title: ZodString; files: ZodOptional<ZodNullable<ZodArray<ZodString, "many">>>; validation: ZodOptional<...>; }, "passthrough", ZodTypeAny, objectOutputType<...>, objectInputType<...>>, "many">; }, ZodTypeAny,...'.
  Type '{ version: number; task_count: number; tasks: { n: number; title: string; }[]; }' is not assignable to type 'objectOutputType<{ version: ZodLiteral<1>; task_count: ZodNumber; tasks: ZodArray<ZodObject<{ n: ZodNumber; title: ZodString; files: ZodOptional<ZodNullable<ZodArray<ZodString, "many">>>; validation: ZodOptional<...>; }, "passthrough", ZodTypeAny, objectOutputType<...>, objectInputType<...>>, "many">; }, ZodTypeAny,...'.
    Type '{ version: number; task_count: number; tasks: { n: number; title: string; }[]; }' is not assignable to type 'objectOutputType<{ version: ZodLiteral<2>; task_count: ZodNumber; tasks: ZodArray<ZodObject<{ n: ZodNumber; title: ZodString; description: ZodOptional<ZodNullable<ZodString>>; ... 10 more ...; validation: ZodOptional<...>; }, "passthrough", ZodTypeAny, objectOutputType<...>, objectInputType<...>>, "many">; }, ZodTyp...'.
      Type '{ version: number; task_count: number; tasks: { n: number; title: string; }[]; }' is not assignable to type '{ tasks: objectOutputType<{ n: ZodNumber; title: ZodString; description: ZodOptional<ZodNullable<ZodString>>; acceptance_criteria: ZodOptional<ZodNullable<...>>; ... 9 more ...; validation: ZodOptional<...>; }, ZodTypeAny, "passthrough">[]; version: 2; task_count: number; }'.
        Types of property 'version' are incompatible.
          Type 'number' is not assignable to type '2'.
src/phases/__tests__/task-context-generator.test.ts(3,49): error TS2307: Cannot find module '../results/schemas/task-manifest.js' or its corresponding type declarations.
src/phases/handlers/__tests__/compound.test.ts(12,33): error TS2558: Expected 0-1 type arguments, but got 2.
src/phases/handlers/__tests__/compound.test.ts(14,5): error TS2558: Expected 0-1 type arguments, but got 2.
src/phases/handlers/__tests__/create-pr-durable-artifacts.test.ts(10,18): error TS4113: This member cannot have an 'override' modifier because it is not declared in the base class 'FakeGitPort'.
src/phases/handlers/__tests__/fix-validate.test.ts(110,14): error TS2532: Object is possibly 'undefined'.
src/phases/handlers/__tests__/fix-validate.test.ts(111,14): error TS2532: Object is possibly 'undefined'.
src/phases/handlers/__tests__/fix-validate.test.ts(112,14): error TS2532: Object is possibly 'undefined'.
src/phases/handlers/__tests__/fix-validate.test.ts(116,14): error TS2532: Object is possibly 'undefined'.
src/phases/handlers/__tests__/fix-validate.test.ts(117,14): error TS2532: Object is possibly 'undefined'.
src/phases/handlers/__tests__/fix-validate.test.ts(133,14): error TS2532: Object is possibly 'undefined'.
src/phases/handlers/__tests__/implement.test.ts(885,22): error TS2339: Property 'failure' does not exist on type 'PhaseResult'.
  Property 'failure' does not exist on type '{ outcome: "passed" | "skipped" | "resting" | "deferred"; }'.
src/phases/handlers/__tests__/implement.test.ts(886,22): error TS2339: Property 'failure' does not exist on type 'PhaseResult'.
  Property 'failure' does not exist on type '{ outcome: "passed" | "skipped" | "resting" | "deferred"; }'.
src/phases/handlers/__tests__/implement.test.ts(899,22): error TS2339: Property 'failure' does not exist on type 'PhaseResult'.
  Property 'failure' does not exist on type '{ outcome: "passed" | "skipped" | "resting" | "deferred"; }'.
src/phases/handlers/__tests__/implement.test.ts(900,22): error TS2339: Property 'failure' does not exist on type 'PhaseResult'.
  Property 'failure' does not exist on type '{ outcome: "passed" | "skipped" | "resting" | "deferred"; }'.
src/phases/handlers/__tests__/plan-design.test.ts(24,33): error TS2558: Expected 0-1 type arguments, but got 2.
src/phases/handlers/__tests__/plan-design.test.ts(26,5): error TS2558: Expected 0-1 type arguments, but got 2.
src/phases/handlers/__tests__/plan-design.test.ts(903,5): error TS2412: Type '((phase: string) => AgentProfileName) | undefined' is not assignable to type '(phase: string) => AgentProfileName' with 'exactOptionalPropertyTypes: true'. Consider adding 'undefined' to the type of the target.
  Type 'undefined' is not assignable to type '(phase: string) => AgentProfileName'.
src/phases/handlers/__tests__/plan-review.test.ts(12,10): error TS2352: Conversion of type '{ runId: string; runUuid: string; repoFullName: string; issueNumber: number; cwd: string; artifacts: FakeArtifactStore; github: never; git: never; agent: never; events: { ...; }; now: () => Date; }' to type 'PhaseHandlerContext & { _events: { message: string; type: string; runId: string; level: "info" | "warn" | "error"; timestamp: string; metadata: Record<string, unknown>; phase?: string | undefined; }[]; }' may be a mistake because neither type sufficiently overlaps with the other. If this was intentional, convert the expression to 'unknown' first.
  Property '_events' is missing in type '{ runId: string; runUuid: string; repoFullName: string; issueNumber: number; cwd: string; artifacts: FakeArtifactStore; github: never; git: never; agent: never; events: { ...; }; now: () => Date; }' but required in type '{ _events: { message: string; type: string; runId: string; level: "info" | "warn" | "error"; timestamp: string; metadata: Record<string, unknown>; phase?: string | undefined; }[]; }'.
src/phases/handlers/__tests__/post-pr-review.test.ts(40,12): error TS2532: Object is possibly 'undefined'.
src/phases/handlers/__tests__/post-pr-review.test.ts(41,12): error TS2532: Object is possibly 'undefined'.
src/phases/handlers/__tests__/post-pr-review.test.ts(80,12): error TS2532: Object is possibly 'undefined'.
src/phases/handlers/__tests__/read-issue.test.ts(56,12): error TS2532: Object is possibly 'undefined'.
src/phases/handlers/__tests__/read-issue.test.ts(57,12): error TS2532: Object is possibly 'undefined'.
src/phases/handlers/__tests__/read-issue.test.ts(62,12): error TS2532: Object is possibly 'undefined'.
src/phases/handlers/__tests__/read-issue.test.ts(63,12): error TS2532: Object is possibly 'undefined'.
src/phases/handlers/__tests__/read-issue.test.ts(67,12): error TS2532: Object is possibly 'undefined'.
src/phases/handlers/__tests__/read-issue.test.ts(68,12): error TS2532: Object is possibly 'undefined'.
src/phases/handlers/__tests__/read-issue.test.ts(94,12): error TS2532: Object is possibly 'undefined'.
src/phases/handlers/__tests__/read-issue.test.ts(95,12): error TS2532: Object is possibly 'undefined'.
src/phases/handlers/__tests__/read-issue.test.ts(130,12): error TS2532: Object is possibly 'undefined'.
src/phases/handlers/__tests__/read-issue.test.ts(131,12): error TS2532: Object is possibly 'undefined'.
src/phases/handlers/__tests__/read-issue.test.ts(132,12): error TS2532: Object is possibly 'undefined'.
src/phases/handlers/__tests__/read-issue.test.ts(156,12): error TS2532: Object is possibly 'undefined'.
src/phases/handlers/__tests__/read-issue.test.ts(157,12): error TS2532: Object is possibly 'undefined'.
src/phases/handlers/__tests__/read-issue.test.ts(158,12): error TS2532: Object is possibly 'undefined'.
src/phases/handlers/__tests__/review-fix.test.ts(109,14): error TS2532: Object is possibly 'undefined'.
src/phases/handlers/__tests__/review-fix.test.ts(110,14): error TS2532: Object is possibly 'undefined'.
src/phases/handlers/__tests__/review-fix.test.ts(111,14): error TS2532: Object is possibly 'undefined'.
src/phases/handlers/__tests__/review-fix.test.ts(112,14): error TS2532: Object is possibly 'undefined'.
src/phases/handlers/__tests__/review-fix.test.ts(116,14): error TS2532: Object is possibly 'undefined'.
src/phases/handlers/__tests__/review-fix.test.ts(117,14): error TS2532: Object is possibly 'undefined'.
src/phases/handlers/__tests__/review-fix.test.ts(118,14): error TS2532: Object is possibly 'undefined'.
src/phases/handlers/__tests__/review-fix.test.ts(119,14): error TS2532: Object is possibly 'undefined'.
src/phases/handlers/__tests__/review-fix.test.ts(132,14): error TS2532: Object is possibly 'undefined'.
src/phases/handlers/__tests__/review-fix.test.ts(136,14): error TS2532: Object is possibly 'undefined'.
src/phases/handlers/__tests__/review-fix.test.ts(137,14): error TS2532: Object is possibly 'undefined'.
src/phases/handlers/__tests__/review-fix.test.ts(138,14): error TS2532: Object is possibly 'undefined'.
src/phases/handlers/__tests__/review-fix.test.ts(139,14): error TS2532: Object is possibly 'undefined'.
src/phases/handlers/__tests__/review-fix.test.ts(140,14): error TS2532: Object is possibly 'undefined'.
src/phases/handlers/__tests__/review-fix.test.ts(153,14): error TS2532: Object is possibly 'undefined'.
src/phases/handlers/__tests__/review-fix.test.ts(157,14): error TS2532: Object is possibly 'undefined'.
src/phases/handlers/__tests__/review-fix.test.ts(171,14): error TS2532: Object is possibly 'undefined'.
src/phases/handlers/__tests__/review-fix.test.ts(175,14): error TS2532: Object is possibly 'undefined'.
src/phases/handlers/__tests__/review-fix.test.ts(176,14): error TS2532: Object is possibly 'undefined'.
src/phases/handlers/__tests__/review-fix.test.ts(177,14): error TS2532: Object is possibly 'undefined'.
src/phases/handlers/__tests__/review-fix.test.ts(178,14): error TS2532: Object is possibly 'undefined'.
src/phases/handlers/__tests__/review-fix.test.ts(179,14): error TS2532: Object is possibly 'undefined'.
src/phases/handlers/__tests__/review-fix.test.ts(199,14): error TS2532: Object is possibly 'undefined'.
src/phases/handlers/__tests__/validate.test.ts(81,46): error TS2345: Argument of type '{ runValidation: RunValidation; commands: string[]; timeoutSeconds: number; logDir: string; }' is not assignable to parameter of type 'ValidateHandlerOpts'.
  Property 'fixValidateEnabled' is missing in type '{ runValidation: RunValidation; commands: string[]; timeoutSeconds: number; logDir: string; }' but required in type 'ValidateHandlerOpts'.
src/phases/handlers/__tests__/validate.test.ts(194,14): error TS2532: Object is possibly 'undefined'.
src/phases/handlers/__tests__/validate.test.ts(195,14): error TS2532: Object is possibly 'undefined'.
src/phases/handlers/__tests__/validate.test.ts(199,14): error TS2532: Object is possibly 'undefined'.
src/phases/handlers/__tests__/validate.test.ts(200,14): error TS2532: Object is possibly 'undefined'.
src/phases/handlers/__tests__/validate.test.ts(201,14): error TS2532: Object is possibly 'undefined'.
src/phases/handlers/__tests__/validate.test.ts(217,14): error TS2532: Object is possibly 'undefined'.
src/phases/handlers/__tests__/validate.test.ts(221,14): error TS2532: Object is possibly 'undefined'.
src/phases/handlers/__tests__/validate.test.ts(222,14): error TS2532: Object is possibly 'undefined'.
src/phases/handlers/__tests__/validate.test.ts(223,14): error TS2532: Object is possibly 'undefined'.
src/phases/handlers/__tests__/validate.test.ts(307,14): error TS2532: Object is possibly 'undefined'.
src/plan-review/__tests__/plan-review-loop.test.ts(286,37): error TS7006: Parameter '_cwd' implicitly has an 'any' type.
src/plan-review/__tests__/plan-review-loop.test.ts(286,43): error TS7006: Parameter 'headBeforeFix' implicitly has an 'any' type.
src/plan-review/__tests__/plan-review-loop.test.ts(345,37): error TS7006: Parameter 'cwd' implicitly has an 'any' type.
src/plan-review/__tests__/plan-review-loop.test.ts(345,42): error TS7006: Parameter 'headBeforeFix' implicitly has an 'any' type.
src/plan-review/__tests__/plan-review-loop.test.ts(740,37): error TS7006: Parameter '_cwd' implicitly has an 'any' type.
src/plan-review/__tests__/plan-review-loop.test.ts(740,43): error TS7006: Parameter 'headBeforeFix' implicitly has an 'any' type.
src/plan-review/__tests__/plan-review-loop.test.ts(848,9): error TS2375: Type '{ invocationId: string; agentOutcome: "failed" | "success"; verdict: "pass" | undefined; }' is not assignable to type 'PlanReviewResult' with 'exactOptionalPropertyTypes: true'. Consider adding 'undefined' to the types of the target's properties.
  Types of property 'verdict' are incompatible.
    Type '"pass" | undefined' is not assignable to type '"pass" | "p1_found" | "p2_only" | "proceed_with_concerns"'.
      Type 'undefined' is not assignable to type '"pass" | "p1_found" | "p2_only" | "proceed_with_concerns"'.
src/plan-review/__tests__/plan-review-loop.test.ts(906,22): error TS7006: Parameter '_ctx' implicitly has an 'any' type.
src/plan-review/__tests__/plan-review-loop.test.ts(906,28): error TS7006: Parameter 'opts' implicitly has an 'any' type.
src/plan-review/__tests__/plan-review-loop.test.ts(1319,9): error TS2375: Type '{ invocationId: string; agentOutcome: "success"; verdict: "pass" | "p1_found"; findings: readonly PlanReviewFinding[]; snapshot: { planMdDigest: string; planMdPath: string; capturedAt: string; } | undefined; }' is not assignable to type 'PlanReviewResult' with 'exactOptionalPropertyTypes: true'. Consider adding 'undefined' to the types of the target's properties.
  Types of property 'snapshot' are incompatible.
    Type '{ planMdDigest: string; planMdPath: string; capturedAt: string; } | undefined' is not assignable to type 'PlanReviewSnapshot'.
      Type 'undefined' is not assignable to type 'PlanReviewSnapshot'.
src/plan-review/__tests__/plan-review-loop.test.ts(1355,9): error TS2375: Type '{ invocationId: string; agentOutcome: "success"; verdict: "pass" | "p1_found"; findings: readonly PlanReviewFinding[]; snapshot: { planMdDigest: string; planMdPath: string; capturedAt: string; } | undefined; }' is not assignable to type 'PlanReviewResult' with 'exactOptionalPropertyTypes: true'. Consider adding 'undefined' to the types of the target's properties.
  Types of property 'snapshot' are incompatible.
    Type '{ planMdDigest: string; planMdPath: string; capturedAt: string; } | undefined' is not assignable to type 'PlanReviewSnapshot'.
      Type 'undefined' is not assignable to type 'PlanReviewSnapshot'.
src/plan-review/__tests__/plan-review-loop.test.ts(1395,24): error TS7006: Parameter '_ctx' implicitly has an 'any' type.
src/plan-review/__tests__/plan-review-loop.test.ts(1395,30): error TS7006: Parameter 'opts' implicitly has an 'any' type.
src/plan-review/__tests__/plan-review-loop.test.ts(1493,24): error TS7006: Parameter '_ctx' implicitly has an 'any' type.
src/plan-review/__tests__/plan-review-loop.test.ts(1493,30): error TS7006: Parameter 'opts' implicitly has an 'any' type.
src/plan-review/__tests__/plan-review-loop.test.ts(1549,24): error TS7006: Parameter '_ctx' implicitly has an 'any' type.
src/plan-review/__tests__/plan-review-loop.test.ts(1549,30): error TS7006: Parameter 'opts' implicitly has an 'any' type.
src/plan-review/__tests__/plan-review-loop.test.ts(1617,24): error TS7006: Parameter '_ctx' implicitly has an 'any' type.
src/plan-review/__tests__/plan-review-loop.test.ts(1617,30): error TS7006: Parameter '_opts' implicitly has an 'any' type.
src/pr-review/__tests__/apply-reactivation.test.ts(18,28): error TS2379: Argument of type '{ status: "running"; currentPhase: undefined; uuid: string; displayId: string; repoId: RepositoryId; issueNumber: number; type: "issue_to_pr" | "pr_review" | "consolidate"; baseBranch?: string; ... 4 more ...; failureReason?: string; }' is not assignable to parameter of type 'Run' with 'exactOptionalPropertyTypes: true'. Consider adding 'undefined' to the types of the target's properties.
  Types of property 'currentPhase' are incompatible.
    Type 'undefined' is not assignable to type 'string'.
src/pr-review/__tests__/apply-reactivation.test.ts(39,22): error TS2352: Conversion of type '{ update: (uuid: string, patch: RunRepositoryUpdatePatch) => number; }' to type 'RunRepositoryPort' may be a mistake because neither type sufficiently overlaps with the other. If this was intentional, convert the expression to 'unknown' first.
  Type '{ update: (uuid: string, patch: RunRepositoryUpdatePatch) => number; }' is missing the following properties from type 'RunRepositoryPort': insertIfNoActive, atomicUpdateByUuid, findByUuid, findByIssueNumber, and 4 more.
src/pr-review/__tests__/apply-reactivation.test.ts(50,12): error TS2532: Object is possibly 'undefined'.
src/pr-review/__tests__/apply-reactivation.test.ts(59,22): error TS2352: Conversion of type '{ update: (uuid: string, patch: RunRepositoryUpdatePatch) => number; }' to type 'RunRepositoryPort' may be a mistake because neither type sufficiently overlaps with the other. If this was intentional, convert the expression to 'unknown' first.
  Type '{ update: (uuid: string, patch: RunRepositoryUpdatePatch) => number; }' is missing the following properties from type 'RunRepositoryPort': insertIfNoActive, atomicUpdateByUuid, findByUuid, findByIssueNumber, and 4 more.
src/pr-review/__tests__/apply-reactivation.test.ts(70,12): error TS2532: Object is possibly 'undefined'.
src/pr-review/__tests__/apply-reactivation.test.ts(87,22): error TS2352: Conversion of type '{ update: () => number; }' to type 'RunRepositoryPort' may be a mistake because neither type sufficiently overlaps with the other. If this was intentional, convert the expression to 'unknown' first.
  Type '{ update: () => number; }' is missing the following properties from type 'RunRepositoryPort': insertIfNoActive, atomicUpdateByUuid, findByUuid, findByIssueNumber, and 4 more.
src/pr-review/__tests__/poll-task-runner-reply-order.test.ts(128,3): error TS2375: Type '{ runId: RunId; repoId: RepositoryId; repoFullName: string; prNumber: number; cwd: string; phaseId: PhaseName; pollNumber: number; comment: PrReviewComment; diff: string; branch: string; ... 7 more ...; dispositions?: Array<{ fingerprint: string; disposition: string; reason?: string; }>; }' is not assignable to type 'PollTaskInput' with 'exactOptionalPropertyTypes: true'. Consider adding 'undefined' to the types of the target's properties.
  Property 'originalStartCommitSha' is optional in type '{ runId: RunId; repoId: RepositoryId; repoFullName: string; prNumber: number; cwd: string; phaseId: PhaseName; pollNumber: number; comment: PrReviewComment; ... 9 more ...; dispositions?: { ...; }[]; }' but required in type 'PollTaskInput'.
src/pr-review/__tests__/poll-task-runner.test.ts(113,3): error TS2375: Type '{ runId: RunId; repoId: RepositoryId; repoFullName: string; prNumber: number; cwd: string; phaseId: PhaseName; pollNumber: number; comment: PrReviewComment; ... 9 more ...; dispositions?: Array<{ fingerprint: string; disposition: string; reason?: string; }>; }' is not assignable to type 'PollTaskInput' with 'exactOptionalPropertyTypes: true'. Consider adding 'undefined' to the types of the target's properties.
  Property 'originalStartCommitSha' is optional in type '{ runId: RunId; repoId: RepositoryId; repoFullName: string; prNumber: number; cwd: string; phaseId: PhaseName; pollNumber: number; comment: PrReviewComment; ... 9 more ...; dispositions?: { ...; }[]; }' but required in type 'PollTaskInput'.
src/pr-review/__tests__/poll-task-runner.test.ts(240,41): error TS2345: Argument of type '{ runId: RunId; repoId: RepositoryId; repoFullName: string; prNumber: number; cwd: string; phaseId: PhaseName; pollNumber: number; comment: PrReviewComment; diff: string; branch: string; startCommitSha: string; unresolvedCommentCount: number; }' is not assignable to parameter of type 'PollTaskInput'.
  Type '{ runId: RunId; repoId: RepositoryId; repoFullName: string; prNumber: number; cwd: string; phaseId: PhaseName; pollNumber: number; comment: PrReviewComment; diff: string; branch: string; startCommitSha: string; unresolvedCommentCount: number; }' is missing the following properties from type 'PollTaskInput': originalStartCommitSha, reviewMode, retryNumber
src/pr-review/__tests__/poll-task-runner.test.ts(263,12): error TS2532: Object is possibly 'undefined'.
src/pr-review/__tests__/poll-task-runner.test.ts(264,12): error TS2532: Object is possibly 'undefined'.
src/pr-review/__tests__/poll-task-runner.test.ts(289,12): error TS2532: Object is possibly 'undefined'.
src/pr-review/__tests__/poll-task-runner.test.ts(290,12): error TS2532: Object is possibly 'undefined'.
src/pr-review/__tests__/poll-task-runner.test.ts(308,26): error TS2345: Argument of type '{ runId: RunId; repoId: RepositoryId; repoFullName: string; prNumber: number; cwd: string; phaseId: PhaseName; pollNumber: number; comment: PrReviewComment; ... 4 more ...; previousBuildError: string; }' is not assignable to parameter of type 'PollTaskInput'.
  Type '{ runId: RunId; repoId: RepositoryId; repoFullName: string; prNumber: number; cwd: string; phaseId: PhaseName; pollNumber: number; comment: PrReviewComment; ... 4 more ...; previousBuildError: string; }' is missing the following properties from type 'PollTaskInput': originalStartCommitSha, reviewMode, retryNumber
src/pr-review/__tests__/poll-task-runner.test.ts(334,70): error TS2322: Type '"error"' is not assignable to type 'AgentInvocationOutcome | undefined'.
src/pr-review/__tests__/poll-task-runner.test.ts(393,12): error TS2532: Object is possibly 'undefined'.
src/pr-review/__tests__/poll-task-runner.test.ts(394,12): error TS2532: Object is possibly 'undefined'.
src/pr-review/__tests__/poll-task-runner.test.ts(405,12): error TS2532: Object is possibly 'undefined'.
src/pr-review/__tests__/poll-task-runner.test.ts(414,12): error TS2532: Object is possibly 'undefined'.
src/pr-review/__tests__/poll-task-runner.test.ts(423,12): error TS2532: Object is possibly 'undefined'.
src/pr-review/__tests__/pr-review-poller.test.ts(31,5): error TS2322: Type '() => Promise<{ result: PollPassResult | undefined; attempt: undefined; }>' is not assignable to type '(input: { runId: RunId; repoId: RepositoryId; repoFullName: string; prNumber: number; cwd: string; phaseId: PhaseName; pollNumber: number; }) => Promise<{ result: PollPassResult; attempt: PollAttempt | undefined; }>'.
  Type 'Promise<{ result: PollPassResult | undefined; attempt: undefined; }>' is not assignable to type 'Promise<{ result: PollPassResult; attempt: PollAttempt | undefined; }>'.
    Type '{ result: PollPassResult | undefined; attempt: undefined; }' is not assignable to type '{ result: PollPassResult; attempt: PollAttempt | undefined; }'.
      Types of property 'result' are incompatible.
        Type 'PollPassResult | undefined' is not assignable to type 'PollPassResult'.
          Type 'undefined' is not assignable to type 'PollPassResult'.
src/pr-review/__tests__/pr-review-poller.test.ts(172,28): error TS2379: Argument of type '{ state: "running" | PollerTerminalState; nextPollAt: Date | undefined; }' is not assignable to parameter of type '{ state: string; nextPollAt?: Date; }' with 'exactOptionalPropertyTypes: true'. Consider adding 'undefined' to the types of the target's properties.
  Types of property 'nextPollAt' are incompatible.
    Type 'Date | undefined' is not assignable to type 'Date'.
      Type 'undefined' is not assignable to type 'Date'.
src/pr-review/__tests__/pr-review-poller.test.ts(184,12): error TS2532: Object is possibly 'undefined'.
src/pr-review/__tests__/pr-review-poller.test.ts(185,12): error TS2532: Object is possibly 'undefined'.
src/pr-review/__tests__/pr-review-poller.test.ts(186,12): error TS2532: Object is possibly 'undefined'.
src/pr-review/__tests__/pr-review-poller.test.ts(187,12): error TS2532: Object is possibly 'undefined'.
src/pr-review/__tests__/pr-review-poller.test.ts(188,12): error TS2532: Object is possibly 'undefined'.
src/pr-review/__tests__/pr-review-poller.test.ts(235,25): error TS2352: Conversion of type '{ runUuid: string; pollNumber: number; status: "completed"; }' to type 'PollAttempt & Record<string, unknown>' may be a mistake because neither type sufficiently overlaps with the other. If this was intentional, convert the expression to 'unknown' first.
  Type '{ runUuid: string; pollNumber: number; status: "completed"; }' is missing the following properties from type 'PollAttempt': id, runId, prNumber, commentsFetched, and 2 more.
src/pr-review/__tests__/pr-review-poller.test.ts(268,12): error TS2571: Object is of type 'unknown'.
src/pr-review/__tests__/pr-review-poller.test.ts(269,12): error TS2571: Object is of type 'unknown'.
src/pr-review/__tests__/pr-review-poller.test.ts(270,12): error TS2571: Object is of type 'unknown'.
src/pr-review/__tests__/pr-review-poller.test.ts(271,12): error TS2571: Object is of type 'unknown'.
src/pr-review/__tests__/pr-review-poller.test.ts(678,7): error TS2322: Type '() => Promise<"reactivate" | "stay_ready" | undefined>' is not assignable to type '(input: PrReviewPollerInput) => Promise<"timeout" | "reactivate" | "stay_ready">'.
  Type 'Promise<"reactivate" | "stay_ready" | undefined>' is not assignable to type 'Promise<"timeout" | "reactivate" | "stay_ready">'.
    Type '"reactivate" | "stay_ready" | undefined' is not assignable to type '"timeout" | "reactivate" | "stay_ready"'.
      Type 'undefined' is not assignable to type '"timeout" | "reactivate" | "stay_ready"'.
src/pr-review/__tests__/process-pr-review-comments-final-attempt.test.ts(83,9): error TS2375: Type '{ github: GitHubPort; git: GitPort; agent: AgentPort; prReviewRepo: PrReviewRepositoryPort; renderTaskPrompt: (input: { cwd: string; ... 6 more ...; dispositions?: { ...; }[]; }) => Promise<...>; ... 12 more ...; rollbackFix?: (ctx: { ...; }, targetSha: string) => Promise<...>; }' is not assignable to type 'ProcessPrReviewDeps' with 'exactOptionalPropertyTypes: true'. Consider adding 'undefined' to the types of the target's properties.
  Property 'artifactStore' is optional in type '{ github: GitHubPort; git: GitPort; agent: AgentPort; prReviewRepo: PrReviewRepositoryPort; renderTaskPrompt: (input: { cwd: string; ... 6 more ...; dispositions?: { ...; }[]; }) => Promise<...>; ... 12 more ...; rollbackFix?: (ctx: { ...; }, targetSha: string) => Promise<...>; }' but required in type 'ProcessPrReviewDeps'.
src/pr-review/__tests__/process-pr-review-comments-final-attempt.test.ts(323,11): error TS2741: Property 'artifactStore' is missing in type '{ github: FakeGitHubPort; git: IncrementingShaGitPort; agent: FakeAgentPort; prReviewRepo: FakePrReviewRepository; ... 6 more ...; now: () => Date; }' but required in type 'ProcessPrReviewDeps'.
src/pr-review/__tests__/process-pr-review-comments.test.ts(1307,26): error TS2379: Argument of type '{ startCommitSha: string; commitSha: string | undefined; }' is not assignable to parameter of type '{ startCommitSha: string; commitSha?: string; }' with 'exactOptionalPropertyTypes: true'. Consider adding 'undefined' to the types of the target's properties.
  Types of property 'commitSha' are incompatible.
    Type 'string | undefined' is not assignable to type 'string'.
      Type 'undefined' is not assignable to type 'string'.
src/pr-review/__tests__/process-pr-review-comments.test.ts(1641,29): error TS2345: Argument of type '{ number: number; headRefName: string; state: "open"; }' is not assignable to parameter of type 'PullRequestDetail'.
  Property 'url' is missing in type '{ number: number; headRefName: string; state: "open"; }' but required in type 'PullRequestDetail'.
src/pr-review/__tests__/process-pr-review-comments.test.ts(1740,11): error TS2741: Property 'artifactStore' is missing in type '{ github: FakeGitHubPort; git: FakeGitPort; agent: FakeAgentPort; prReviewRepo: FakePrReviewRepository; renderTaskPrompt: () => Promise<...>; ... 8 more ...; onWarning: (message: string, metadata: Record<...>) => void; }' but required in type 'ProcessPrReviewDeps'.
src/pr-review/__tests__/process-pr-review-comments.test.ts(1815,11): error TS2741: Property 'artifactStore' is missing in type '{ github: FakeGitHubPort; git: FakeGitPort; agent: FakeAgentPort; prReviewRepo: FakePrReviewRepository; renderTaskPrompt: () => Promise<...>; ... 8 more ...; onWarning: (message: string, metadata: Record<...>) => void; }' but required in type 'ProcessPrReviewDeps'.
src/pr-review/__tests__/process-pr-review-comments.test.ts(1942,12): error TS2532: Object is possibly 'undefined'.
src/pr-review/__tests__/process-pr-review-comments.test.ts(1943,12): error TS2532: Object is possibly 'undefined'.
src/pr-review/__tests__/process-pr-review-comments.test.ts(2020,35): error TS2379: Argument of type '{ previousCodeVerifyReason: string | undefined; }' is not assignable to parameter of type '{ previousCodeVerifyReason?: string; }' with 'exactOptionalPropertyTypes: true'. Consider adding 'undefined' to the types of the target's properties.
  Types of property 'previousCodeVerifyReason' are incompatible.
    Type 'string | undefined' is not assignable to type 'string'.
      Type 'undefined' is not assignable to type 'string'.
src/pr-review/__tests__/process-pr-review-comments.test.ts(2137,12): error TS2532: Object is possibly 'undefined'.
src/pr-review/__tests__/process-pr-review-comments.test.ts(2138,12): error TS2532: Object is possibly 'undefined'.
src/pr-review/__tests__/verify-code-change.test.ts(177,23): error TS2532: Object is possibly 'undefined'.
src/results/__tests__/phase-registry.test.ts(51,19): error TS2532: Object is possibly 'undefined'.
src/results/__tests__/phase-registry.test.ts(52,12): error TS2532: Object is possibly 'undefined'.
src/results/__tests__/post-pr-review-schema.test.ts(11,12): error TS2532: Object is possibly 'undefined'.
src/results/__tests__/post-pr-review-schema.test.ts(12,12): error TS2532: Object is possibly 'undefined'.
src/results/__tests__/post-pr-review-schema.test.ts(27,12): error TS2532: Object is possibly 'undefined'.
src/review-fix/__tests__/append-rebuttal.test.ts(8,60): error TS2345: Argument of type '{ runId: string; iterationIndex: number; rebuttal: string; unfoundedFindings: { severity: string; summary: string; evidence: { path: string; line: number; snippet: string; }; }[]; }' is not assignable to parameter of type 'AppendRebuttalInput'.
  Property 'phaseId' is missing in type '{ runId: string; iterationIndex: number; rebuttal: string; unfoundedFindings: { severity: string; summary: string; evidence: { path: string; line: number; snippet: string; }; }[]; }' but required in type 'AppendRebuttalInput'.
src/review-fix/__tests__/append-rebuttal.test.ts(39,60): error TS2345: Argument of type '{ runId: string; iterationIndex: number; rebuttal: string; unfoundedFindings: { severity: string; summary: string; evidence: { path: string; }; }[]; }' is not assignable to parameter of type 'AppendRebuttalInput'.
  Property 'phaseId' is missing in type '{ runId: string; iterationIndex: number; rebuttal: string; unfoundedFindings: { severity: string; summary: string; evidence: { path: string; }; }[]; }' but required in type 'AppendRebuttalInput'.
src/review-fix/__tests__/append-rebuttal.test.ts(60,60): error TS2345: Argument of type '{ runId: string; iterationIndex: number; rebuttal: string; unfoundedFindings: never[]; }' is not assignable to parameter of type 'AppendRebuttalInput'.
  Property 'phaseId' is missing in type '{ runId: string; iterationIndex: number; rebuttal: string; unfoundedFindings: never[]; }' but required in type 'AppendRebuttalInput'.
src/review-fix/__tests__/append-rebuttal.test.ts(74,45): error TS2345: Argument of type '{ runId: string; iterationIndex: number; rebuttal: string; unfoundedFindings: ({ severity: string; summary: string; evidence: { path: string; line: number; }; } | { severity: string; summary: string; evidence: { ...; }; } | { ...; })[]; }' is not assignable to parameter of type 'AppendRebuttalInput'.
  Property 'phaseId' is missing in type '{ runId: string; iterationIndex: number; rebuttal: string; unfoundedFindings: ({ severity: string; summary: string; evidence: { path: string; line: number; }; } | { severity: string; summary: string; evidence: { ...; }; } | { ...; })[]; }' but required in type 'AppendRebuttalInput'.
src/review-fix/__tests__/detect-unfounded-pingpong.test.ts(12,3): error TS2375: Type '{ findings: Set<string>; fixerVerdict: "done_with_fixes" | "cannot_fix" | "done_no_fixes_needed" | undefined; }' is not assignable to type 'FindingHistoryEntry' with 'exactOptionalPropertyTypes: true'. Consider adding 'undefined' to the types of the target's properties.
  Types of property 'fixerVerdict' are incompatible.
    Type '"done_with_fixes" | "cannot_fix" | "done_no_fixes_needed" | undefined' is not assignable to type '"done_with_fixes" | "cannot_fix" | "done_no_fixes_needed"'.
      Type 'undefined' is not assignable to type '"done_with_fixes" | "cannot_fix" | "done_no_fixes_needed"'.
src/review-fix/__tests__/review-fix-loop.test.ts(532,7): error TS2322: Type '() => Promise<{ invocationId: string; agentOutcome: "success"; verdict: "pass"; overridden: true | undefined; offendingFindings: never[] | undefined; }>' is not assignable to type '(ctx: StepContext, opts?: ReviewStepOptions | undefined) => Promise<ReviewStepResult>'.
  Type 'Promise<{ invocationId: string; agentOutcome: "success"; verdict: "pass"; overridden: true | undefined; offendingFindings: never[] | undefined; }>' is not assignable to type 'Promise<ReviewStepResult>'.
    Type '{ invocationId: string; agentOutcome: "success"; verdict: "pass"; overridden: true | undefined; offendingFindings: never[] | undefined; }' is not assignable to type 'ReviewStepResult' with 'exactOptionalPropertyTypes: true'. Consider adding 'undefined' to the types of the target's properties.
      Types of property 'overridden' are incompatible.
        Type 'boolean | undefined' is not assignable to type 'boolean'.
          Type 'undefined' is not assignable to type 'boolean'.
src/review-fix/__tests__/review-fix-loop.test.ts(572,7): error TS2322: Type '() => Promise<{ invocationId: string; agentOutcome: "success"; verdict: "pass"; overridden: true | undefined; offendingFindings: never[]; }>' is not assignable to type '(ctx: StepContext, opts?: ReviewStepOptions | undefined) => Promise<ReviewStepResult>'.
  Type 'Promise<{ invocationId: string; agentOutcome: "success"; verdict: "pass"; overridden: true | undefined; offendingFindings: never[]; }>' is not assignable to type 'Promise<ReviewStepResult>'.
    Type '{ invocationId: string; agentOutcome: "success"; verdict: "pass"; overridden: true | undefined; offendingFindings: never[]; }' is not assignable to type 'ReviewStepResult' with 'exactOptionalPropertyTypes: true'. Consider adding 'undefined' to the types of the target's properties.
      Types of property 'overridden' are incompatible.
        Type 'boolean | undefined' is not assignable to type 'boolean'.
          Type 'undefined' is not assignable to type 'boolean'.
src/review-fix/__tests__/review-fix-loop.test.ts(709,45): error TS2379: Argument of type '{ maxIterations: number; fixFallbackProfile: undefined; runId: RunId; phaseId: PhaseName; repoId: string; cwd: string; reviewProfile: AgentProfileName; fixProfile: AgentProfileName; }' is not assignable to parameter of type 'ReviewFixLoopInput' with 'exactOptionalPropertyTypes: true'. Consider adding 'undefined' to the types of the target's properties.
  Types of property 'fixFallbackProfile' are incompatible.
    Type 'undefined' is not assignable to type 'AgentProfileName'.
      Type 'undefined' is not assignable to type 'string'.
src/review-fix/__tests__/review-fix-loop.test.ts(737,45): error TS2379: Argument of type '{ maxIterations: number; fixFallbackProfile: undefined; runId: RunId; phaseId: PhaseName; repoId: string; cwd: string; reviewProfile: AgentProfileName; fixProfile: AgentProfileName; }' is not assignable to parameter of type 'ReviewFixLoopInput' with 'exactOptionalPropertyTypes: true'. Consider adding 'undefined' to the types of the target's properties.
  Types of property 'fixFallbackProfile' are incompatible.
    Type 'undefined' is not assignable to type 'AgentProfileName'.
      Type 'undefined' is not assignable to type 'string'.
src/review-fix/__tests__/review-fix-loop.test.ts(960,14): error TS2532: Object is possibly 'undefined'.
src/review-fix/__tests__/review-fix-loop.test.ts(961,14): error TS2532: Object is possibly 'undefined'.
src/review-fix/__tests__/review-fix-loop.test.ts(962,14): error TS2532: Object is possibly 'undefined'.
src/review-fix/__tests__/review-fix-loop.test.ts(1237,9): error TS2322: Type '() => Promise<{ invocationId: string; agentOutcome: "failure"; }>' is not assignable to type '(ctx: StepContext, opts?: ReviewStepOptions | undefined) => Promise<ReviewStepResult>'.
  Type 'Promise<{ invocationId: string; agentOutcome: "failure"; }>' is not assignable to type 'Promise<ReviewStepResult>'.
    Type '{ invocationId: string; agentOutcome: "failure"; }' is not assignable to type 'ReviewStepResult'.
      Types of property 'agentOutcome' are incompatible.
        Type '"failure"' is not assignable to type 'AgentInvocationOutcome'.
src/review-fix/__tests__/review-fix-loop.test.ts(2013,58): error TS2345: Argument of type '{ runId: RunId; phaseId: PhaseName; repoId: string; cwd: string; maxIterations: number; }' is not assignable to parameter of type 'ReviewFixLoopInput'.
  Type '{ runId: RunId; phaseId: PhaseName; repoId: string; cwd: string; maxIterations: number; }' is missing the following properties from type 'ReviewFixLoopInput': reviewProfile, fixProfile
src/review-fix/__tests__/review-fix-loop.test.ts(2018,12): error TS2532: Object is possibly 'undefined'.
src/review-fix/__tests__/review-fix-loop.test.ts(2048,58): error TS2345: Argument of type '{ runId: RunId; phaseId: PhaseName; repoId: string; cwd: string; maxIterations: number; }' is not assignable to parameter of type 'ReviewFixLoopInput'.
  Type '{ runId: RunId; phaseId: PhaseName; repoId: string; cwd: string; maxIterations: number; }' is missing the following properties from type 'ReviewFixLoopInput': reviewProfile, fixProfile
src/review-fix/__tests__/review-fix-loop.test.ts(2051,12): error TS2532: Object is possibly 'undefined'.
src/review-fix/__tests__/review-fix-loop.test.ts(2087,43): error TS2345: Argument of type '{ maxIterations: number; runId: RunId; phaseId: PhaseName; repoId: string; cwd: string; }' is not assignable to parameter of type 'ReviewFixLoopInput'.
  Type '{ maxIterations: number; runId: RunId; phaseId: PhaseName; repoId: string; cwd: string; }' is missing the following properties from type 'ReviewFixLoopInput': reviewProfile, fixProfile
src/review-fix/__tests__/review-fix-loop.test.ts(2121,43): error TS2345: Argument of type '{ maxIterations: number; runId: RunId; phaseId: PhaseName; repoId: string; cwd: string; }' is not assignable to parameter of type 'ReviewFixLoopInput'.
  Type '{ maxIterations: number; runId: RunId; phaseId: PhaseName; repoId: string; cwd: string; }' is missing the following properties from type 'ReviewFixLoopInput': reviewProfile, fixProfile
src/use-cases/__tests__/load-repository-for-run.test.ts(102,9): error TS2322: Type 'string' is not assignable to type 'RepositoryId'.
  Type 'string' is not assignable to type '{ readonly __brand: "RepositoryId"; }'.
/app/packages/application:
 ERR_PNPM_RECURSIVE_RUN_FIRST_FAIL  @ai-sdlc/application@0.0.0 build: `tsc -p tsconfig.json`
Exit status 2
